Archive member included to satisfy reference by file (symbol)

c:/st/stm32cubeide_1.2.0/stm32cubeide/plugins/com.st.stm32cube.ide.mcu.externaltools.gnu-tools-for-stm32.7-2018-q2-update.win32_1.5.0.202011040924/tools/bin/../lib/gcc/arm-none-eabi/7.3.1/../../../../arm-none-eabi/lib/thumb/v7e-m/fpv5/hard\libc_nano.a(lib_a-errno.o)
                              Core/Src/syscalls.o (__errno)
c:/st/stm32cubeide_1.2.0/stm32cubeide/plugins/com.st.stm32cube.ide.mcu.externaltools.gnu-tools-for-stm32.7-2018-q2-update.win32_1.5.0.202011040924/tools/bin/../lib/gcc/arm-none-eabi/7.3.1/../../../../arm-none-eabi/lib/thumb/v7e-m/fpv5/hard\libc_nano.a(lib_a-exit.o)
                              c:/st/stm32cubeide_1.2.0/stm32cubeide/plugins/com.st.stm32cube.ide.mcu.externaltools.gnu-tools-for-stm32.7-2018-q2-update.win32_1.5.0.202011040924/tools/bin/../lib/gcc/arm-none-eabi/7.3.1/../../../../arm-none-eabi/lib/thumb/v7e-m/fpv5/hard/crt0.o (exit)
c:/st/stm32cubeide_1.2.0/stm32cubeide/plugins/com.st.stm32cube.ide.mcu.externaltools.gnu-tools-for-stm32.7-2018-q2-update.win32_1.5.0.202011040924/tools/bin/../lib/gcc/arm-none-eabi/7.3.1/../../../../arm-none-eabi/lib/thumb/v7e-m/fpv5/hard\libc_nano.a(lib_a-impure.o)
                              c:/st/stm32cubeide_1.2.0/stm32cubeide/plugins/com.st.stm32cube.ide.mcu.externaltools.gnu-tools-for-stm32.7-2018-q2-update.win32_1.5.0.202011040924/tools/bin/../lib/gcc/arm-none-eabi/7.3.1/../../../../arm-none-eabi/lib/thumb/v7e-m/fpv5/hard\libc_nano.a(lib_a-exit.o) (_global_impure_ptr)
c:/st/stm32cubeide_1.2.0/stm32cubeide/plugins/com.st.stm32cube.ide.mcu.externaltools.gnu-tools-for-stm32.7-2018-q2-update.win32_1.5.0.202011040924/tools/bin/../lib/gcc/arm-none-eabi/7.3.1/../../../../arm-none-eabi/lib/thumb/v7e-m/fpv5/hard\libc_nano.a(lib_a-init.o)
                              c:/st/stm32cubeide_1.2.0/stm32cubeide/plugins/com.st.stm32cube.ide.mcu.externaltools.gnu-tools-for-stm32.7-2018-q2-update.win32_1.5.0.202011040924/tools/bin/../lib/gcc/arm-none-eabi/7.3.1/../../../../arm-none-eabi/lib/thumb/v7e-m/fpv5/hard/crt0.o (__libc_init_array)
c:/st/stm32cubeide_1.2.0/stm32cubeide/plugins/com.st.stm32cube.ide.mcu.externaltools.gnu-tools-for-stm32.7-2018-q2-update.win32_1.5.0.202011040924/tools/bin/../lib/gcc/arm-none-eabi/7.3.1/../../../../arm-none-eabi/lib/thumb/v7e-m/fpv5/hard\libc_nano.a(lib_a-memcpy-stub.o)
                              Drivers/STM32H7xx_HAL_Driver/stm32h7xx_hal_fdcan.o (memcpy)
c:/st/stm32cubeide_1.2.0/stm32cubeide/plugins/com.st.stm32cube.ide.mcu.externaltools.gnu-tools-for-stm32.7-2018-q2-update.win32_1.5.0.202011040924/tools/bin/../lib/gcc/arm-none-eabi/7.3.1/../../../../arm-none-eabi/lib/thumb/v7e-m/fpv5/hard\libc_nano.a(lib_a-memset.o)
                              c:/st/stm32cubeide_1.2.0/stm32cubeide/plugins/com.st.stm32cube.ide.mcu.externaltools.gnu-tools-for-stm32.7-2018-q2-update.win32_1.5.0.202011040924/tools/bin/../lib/gcc/arm-none-eabi/7.3.1/../../../../arm-none-eabi/lib/thumb/v7e-m/fpv5/hard/crt0.o (memset)
c:/st/stm32cubeide_1.2.0/stm32cubeide/plugins/com.st.stm32cube.ide.mcu.externaltools.gnu-tools-for-stm32.7-2018-q2-update.win32_1.5.0.202011040924/tools/bin/../lib/gcc/arm-none-eabi/7.3.1/thumb/v7e-m/fpv5/hard\libgcc.a(_aeabi_uldivmod.o)
                              Drivers/STM32H7xx_HAL_Driver/stm32h7xx_hal_uart.o (__aeabi_uldivmod)
c:/st/stm32cubeide_1.2.0/stm32cubeide/plugins/com.st.stm32cube.ide.mcu.externaltools.gnu-tools-for-stm32.7-2018-q2-update.win32_1.5.0.202011040924/tools/bin/../lib/gcc/arm-none-eabi/7.3.1/thumb/v7e-m/fpv5/hard\libgcc.a(_udivmoddi4.o)
                              c:/st/stm32cubeide_1.2.0/stm32cubeide/plugins/com.st.stm32cube.ide.mcu.externaltools.gnu-tools-for-stm32.7-2018-q2-update.win32_1.5.0.202011040924/tools/bin/../lib/gcc/arm-none-eabi/7.3.1/thumb/v7e-m/fpv5/hard\libgcc.a(_aeabi_uldivmod.o) (__udivmoddi4)
c:/st/stm32cubeide_1.2.0/stm32cubeide/plugins/com.st.stm32cube.ide.mcu.externaltools.gnu-tools-for-stm32.7-2018-q2-update.win32_1.5.0.202011040924/tools/bin/../lib/gcc/arm-none-eabi/7.3.1/thumb/v7e-m/fpv5/hard\libgcc.a(_dvmd_tls.o)
                              c:/st/stm32cubeide_1.2.0/stm32cubeide/plugins/com.st.stm32cube.ide.mcu.externaltools.gnu-tools-for-stm32.7-2018-q2-update.win32_1.5.0.202011040924/tools/bin/../lib/gcc/arm-none-eabi/7.3.1/thumb/v7e-m/fpv5/hard\libgcc.a(_aeabi_uldivmod.o) (__aeabi_ldiv0)

Allocating common symbols
Common symbol       size              file

hdfsdm1_channel1    0x38              Core/Src/main.o
huart7              0x8c              Core/Src/main.o
htim8               0x4c              Core/Src/main.o
htim4               0x4c              Core/Src/main.o
huart3              0x8c              Core/Src/main.o
hadc2               0x64              Core/Src/main.o
hdfsdm1_channel4    0x38              Core/Src/main.o
hi2c2               0x4c              Core/Src/main.o
htim17              0x4c              Core/Src/main.o
[...]
Memory Configuration

Name             Origin             Length             Attributes
FLASH            0x0000000008000000 0x0000000000100000 xr
RAM              0x0000000020000000 0x0000000000020000 xrw
ITCMRAM          0x0000000000000000 0x0000000000010000 xrw
*default*        0x0000000000000000 0xffffffffffffffff

Linker script and memory map

LOAD c:/st/stm32cubeide_1.2.0/stm32cubeide/plugins/com.st.stm32cube.ide.mcu.externaltools.gnu-tools-for-stm32.7-2018-q2-update.win32_1.5.0.202011040924/tools/bin/../lib/gcc/arm-none-eabi/7.3.1/thumb/v7e-m/fpv5/hard/crti.o
LOAD c:/st/stm32cubeide_1.2.0/stm32cubeide/plugins/com.st.stm32cube.ide.mcu.externaltools.gnu-tools-for-stm32.7-2018-q2-update.win32_1.5.0.202011040924/tools/bin/../lib/gcc/arm-none-eabi/7.3.1/thumb/v7e-m/fpv5/hard/crtbegin.o
LOAD c:/st/stm32cubeide_1.2.0/stm32cubeide/plugins/com.st.stm32cube.ide.mcu.externaltools.gnu-tools-for-stm32.7-2018-q2-update.win32_1.5.0.202011040924/tools/bin/../lib/gcc/arm-none-eabi/7.3.1/../../../../arm-none-eabi/lib/thumb/v7e-m/fpv5/hard/crt0.o
LOAD Common/Src/system_stm32h7xx_dualcore_boot_cm4_cm7.o
LOAD Core/Src/main.o
LOAD Core/Src/stm32h7xx_hal_msp.o
LOAD Core/Src/stm32h7xx_it.o
LOAD Core/Src/syscalls.o
LOAD Core/Src/sysmem.o
LOAD Core/Startup/startup_stm32h745bitx.o
LOAD Drivers/STM32H7xx_HAL_Driver/stm32h7xx_hal.o
LOAD Drivers/STM32H7xx_HAL_Driver/stm32h7xx_hal_adc.o
LOAD Drivers/STM32H7xx_HAL_Driver/stm32h7xx_hal_adc_ex.o
LOAD Drivers/STM32H7xx_HAL_Driver/stm32h7xx_hal_comp.o
LOAD Drivers/STM32H7xx_HAL_Driver/stm32h7xx_hal_cortex.o
LOAD Drivers/STM32H7xx_HAL_Driver/stm32h7xx_hal_dfsdm.o
LOAD Drivers/STM32H7xx_HAL_Driver/stm32h7xx_hal_dma.o
LOAD Drivers/STM32H7xx_HAL_Driver/stm32h7xx_hal_dma_ex.o
LOAD Drivers/STM32H7xx_HAL_Driver/stm32h7xx_hal_eth.o
LOAD Drivers/STM32H7xx_HAL_Driver/stm32h7xx_hal_eth_ex.o
LOAD Drivers/STM32H7xx_HAL_Driver/stm32h7xx_hal_exti.o
LOAD Drivers/STM32H7xx_HAL_Driver/stm32h7xx_hal_fdcan.o
LOAD Drivers/STM32H7xx_HAL_Driver/stm32h7xx_hal_flash.o
LOAD Drivers/STM32H7xx_HAL_Driver/stm32h7xx_hal_flash_ex.o
LOAD Drivers/STM32H7xx_HAL_Driver/stm32h7xx_hal_gpio.o
LOAD Drivers/STM32H7xx_HAL_Driver/stm32h7xx_hal_hrtim.o
LOAD Drivers/STM32H7xx_HAL_Driver/stm32h7xx_hal_hsem.o
LOAD Drivers/STM32H7xx_HAL_Driver/stm32h7xx_hal_i2c.o
LOAD Drivers/STM32H7xx_HAL_Driver/stm32h7xx_hal_i2c_ex.o
LOAD Drivers/STM32H7xx_HAL_Driver/stm32h7xx_hal_lptim.o
LOAD Drivers/STM32H7xx_HAL_Driver/stm32h7xx_hal_ltdc.o
LOAD Drivers/STM32H7xx_HAL_Driver/stm32h7xx_hal_ltdc_ex.o
LOAD Drivers/STM32H7xx_HAL_Driver/stm32h7xx_hal_mdma.o
LOAD Drivers/STM32H7xx_HAL_Driver/stm32h7xx_hal_pwr.o
LOAD Drivers/STM32H7xx_HAL_Driver/stm32h7xx_hal_pwr_ex.o
LOAD Drivers/STM32H7xx_HAL_Driver/stm32h7xx_hal_rcc.o
LOAD Drivers/STM32H7xx_HAL_Driver/stm32h7xx_hal_rcc_ex.o
LOAD Drivers/STM32H7xx_HAL_Driver/stm32h7xx_hal_sd.o
LOAD Drivers/STM32H7xx_HAL_Driver/stm32h7xx_hal_sd_ex.o
LOAD Drivers/STM32H7xx_HAL_Driver/stm32h7xx_hal_smbus.o
LOAD Drivers/STM32H7xx_HAL_Driver/stm32h7xx_hal_spi.o
LOAD Drivers/STM32H7xx_HAL_Driver/stm32h7xx_hal_spi_ex.o
LOAD Drivers/STM32H7xx_HAL_Driver/stm32h7xx_hal_tim.o
LOAD Drivers/STM32H7xx_HAL_Driver/stm32h7xx_hal_tim_ex.o
LOAD Drivers/STM32H7xx_HAL_Driver/stm32h7xx_hal_uart.o
LOAD Drivers/STM32H7xx_HAL_Driver/stm32h7xx_hal_uart_ex.o
LOAD Drivers/STM32H7xx_HAL_Driver/stm32h7xx_ll_delayblock.o
LOAD Drivers/STM32H7xx_HAL_Driver/stm32h7xx_ll_sdmmc.o
START GROUP
LOAD c:/st/stm32cubeide_1.2.0/stm32cubeide/plugins/com.st.stm32cube.ide.mcu.externaltools.gnu-tools-for-stm32.7-2018-q2-update.win32_1.5.0.202011040924/tools/bin/../lib/gcc/arm-none-eabi/7.3.1/../../../../arm-none-eabi/lib/thumb/v7e-m/fpv5/hard\libc_nano.a
LOAD c:/st/stm32cubeide_1.2.0/stm32cubeide/plugins/com.st.stm32cube.ide.mcu.externaltools.gnu-tools-for-stm32.7-2018-q2-update.win32_1.5.0.202011040924/tools/bin/../lib/gcc/arm-none-eabi/7.3.1/../../../../arm-none-eabi/lib/thumb/v7e-m/fpv5/hard\libm.a
END GROUP
START GROUP
LOAD c:/st/stm32cubeide_1.2.0/stm32cubeide/plugins/com.st.stm32cube.ide.mcu.externaltools.gnu-tools-for-stm32.7-2018-q2-update.win32_1.5.0.202011040924/tools/bin/../lib/gcc/arm-none-eabi/7.3.1/thumb/v7e-m/fpv5/hard\libgcc.a
LOAD c:/st/stm32cubeide_1.2.0/stm32cubeide/plugins/com.st.stm32cube.ide.mcu.externaltools.gnu-tools-for-stm32.7-2018-q2-update.win32_1.5.0.202011040924/tools/bin/../lib/gcc/arm-none-eabi/7.3.1/../../../../arm-none-eabi/lib/thumb/v7e-m/fpv5/hard\libc_nano.a
END GROUP
START GROUP
LOAD c:/st/stm32cubeide_1.2.0/stm32cubeide/plugins/com.st.stm32cube.ide.mcu.externaltools.gnu-tools-for-stm32.7-2018-q2-update.win32_1.5.0.202011040924/tools/bin/../lib/gcc/arm-none-eabi/7.3.1/thumb/v7e-m/fpv5/hard\libgcc.a
LOAD c:/st/stm32cubeide_1.2.0/stm32cubeide/plugins/com.st.stm32cube.ide.mcu.externaltools.gnu-tools-for-stm32.7-2018-q2-update.win32_1.5.0.202011040924/tools/bin/../lib/gcc/arm-none-eabi/7.3.1/../../../../arm-none-eabi/lib/thumb/v7e-m/fpv5/hard\libc_nano.a
LOAD c:/st/stm32cubeide_1.2.0/stm32cubeide/plugins/com.st.stm32cube.ide.mcu.externaltools.gnu-tools-for-stm32.7-2018-q2-update.win32_1.5.0.202011040924/tools/bin/../lib/gcc/arm-none-eabi/7.3.1/../../../../arm-none-eabi/lib/thumb/v7e-m/fpv5/hard\libnosys.a
END GROUP
START GROUP
LOAD c:/st/stm32cubeide_1.2.0/stm32cubeide/plugins/com.st.stm32cube.ide.mcu.externaltools.gnu-tools-for-stm32.7-2018-q2-update.win32_1.5.0.202011040924/tools/bin/../lib/gcc/arm-none-eabi/7.3.1/thumb/v7e-m/fpv5/hard\libgcc.a
LOAD c:/st/stm32cubeide_1.2.0/stm32cubeide/plugins/com.st.stm32cube.ide.mcu.externaltools.gnu-tools-for-stm32.7-2018-q2-update.win32_1.5.0.202011040924/tools/bin/../lib/gcc/arm-none-eabi/7.3.1/../../../../arm-none-eabi/lib/thumb/v7e-m/fpv5/hard\libc_nano.a
LOAD c:/st/stm32cubeide_1.2.0/stm32cubeide/plugins/com.st.stm32cube.ide.mcu.externaltools.gnu-tools-for-stm32.7-2018-q2-update.win32_1.5.0.202011040924/tools/bin/../lib/gcc/arm-none-eabi/7.3.1/../../../../arm-none-eabi/lib/thumb/v7e-m/fpv5/hard\libnosys.a
END GROUP
LOAD c:/st/stm32cubeide_1.2.0/stm32cubeide/plugins/com.st.stm32cube.ide.mcu.externaltools.gnu-tools-for-stm32.7-2018-q2-update.win32_1.5.0.202011040924/tools/bin/../lib/gcc/arm-none-eabi/7.3.1/thumb/v7e-m/fpv5/hard/crtend.o
LOAD c:/st/stm32cubeide_1.2.0/stm32cubeide/plugins/com.st.stm32cube.ide.mcu.externaltools.gnu-tools-for-stm32.7-2018-q2-update.win32_1.5.0.202011040924/tools/bin/../lib/gcc/arm-none-eabi/7.3.1/thumb/v7e-m/fpv5/hard/crtn.o
                0x0000000020020000                _estack = 0x20020000
                0x0000000000000200                _Min_Heap_Size = 0x200
                0x0000000000000400                _Min_Stack_Size = 0x400

.isr_vector     0x0000000008000000      0x298
                0x0000000008000000                . = ALIGN (0x4)
 *(.isr_vector)
 .isr_vector    0x0000000008000000      0x298 Core/Startup/startup_stm32h745bitx.o
                0x0000000008000000                g_pfnVectors
                0x0000000008000298                . = ALIGN (0x4)

.text           0x0000000008000298     0xe42c
                0x0000000008000298                . = ALIGN (0x4)
 *(.text)
 .text          0x0000000008000298       0x40 c:/st/stm32cubeide_1.2.0/stm32cubeide/plugins/com.st.stm32cube.ide.mcu.externaltools.gnu-tools-for-stm32.7-2018-q2-update.win32_1.5.0.202011040924/tools/bin/../lib/gcc/arm-none-eabi/7.3.1/thumb/v7e-m/fpv5/hard/crtbegin.o
 .text          0x00000000080002d8       0x30 c:/st/stm32cubeide_1.2.0/stm32cubeide/plugins/com.st.stm32cube.ide.mcu.externaltools.gnu-tools-for-stm32.7-2018-q2-update.win32_1.5.0.202011040924/tools/bin/../lib/gcc/arm-none-eabi/7.3.1/thumb/v7e-m/fpv5/hard\libgcc.a(_aeabi_uldivmod.o)
                0x00000000080002d8                __aeabi_uldivmod
 .text          0x0000000008000308      0x2cc c:/st/stm32cubeide_1.2.0/stm32cubeide/plugins/com.st.stm32cube.ide.mcu.externaltools.gnu-tools-for-stm32.7-2018-q2-update.win32_1.5.0.202011040924/tools/bin/../lib/gcc/arm-none-eabi/7.3.1/thumb/v7e-m/fpv5/hard\libgcc.a(_udivmoddi4.o)
                0x0000000008000308                __udivmoddi4
 .text          0x00000000080005d4        0x4 c:/st/stm32cubeide_1.2.0/stm32cubeide/plugins/com.st.stm32cube.ide.mcu.externaltools.gnu-tools-for-stm32.7-2018-q2-update.win32_1.5.0.202011040924/tools/bin/../lib/gcc/arm-none-eabi/7.3.1/thumb/v7e-m/fpv5/hard\libgcc.a(_dvmd_tls.o)
                0x00000000080005d4                __aeabi_idiv0
                0x00000000080005d4                __aeabi_ldiv0
 *(.text*)
 .text.SystemInit
                0x00000000080005d8      0x134 Common/Src/system_stm32h7xx_dualcore_boot_cm4_cm7.o
                0x00000000080005d8                SystemInit
 .text.main     0x000000000800070c       0xf8 Core/Src/main.o
                0x000000000800070c                main
 .text.SystemClock_Config
                0x0000000008000804      0x24c Core/Src/main.o
                0x0000000008000804                SystemClock_Config
 .text.MX_ADC1_Init
                0x0000000008000a50       0xf0 Core/Src/main.o
 .text.MX_ADC2_Init
                0x0000000008000b40       0xcc Core/Src/main.o
 .text.MX_COMP2_Init
                0x0000000008000c0c       0x5c Core/Src/main.o
 .text.MX_DFSDM1_Init
                0x0000000008000c68      0x1a4 Core/Src/main.o
 .text.MX_ETH_Init
                0x0000000008000e0c       0xa4 Core/Src/main.o
 .text.MX_FDCAN1_Init
                0x0000000008000eb0       0xc8 Core/Src/main.o
 .text.MX_HRTIM_Init
                0x0000000008000f78      0x2f8 Core/Src/main.o
 .text.MX_I2C2_Init
                0x0000000008001270       0x80 Core/Src/main.o
 .text.MX_I2C3_SMBUS_Init
                0x00000000080012f0       0x88 Core/Src/main.o
 .text.MX_LPTIM2_Init
                0x0000000008001378       0x68 Core/Src/main.o
 .text.MX_LTDC_Init
                0x00000000080013e0      0x164 Core/Src/main.o
 .text.MX_SDMMC2_SD_Init
                0x0000000008001544       0x4c Core/Src/main.o
 .text.MX_SPI3_Init
                0x0000000008001590       0xac Core/Src/main.o
 .text.MX_TIM1_Init
                0x000000000800163c      0x150 Core/Src/main.o
 .text.MX_TIM4_Init
                0x000000000800178c      0x154 Core/Src/main.o
 .text.MX_TIM5_Init
                0x00000000080018e0      0x104 Core/Src/main.o
 .text.MX_TIM8_Init
                0x00000000080019e4      0x168 Core/Src/main.o
 .text.MX_TIM12_Init
                0x0000000008001b4c       0xa0 Core/Src/main.o
 .text.MX_TIM16_Init
                0x0000000008001bec       0xf4 Core/Src/main.o
 .text.MX_TIM17_Init
                0x0000000008001ce0       0xf4 Core/Src/main.o
 .text.MX_UART5_Init
                0x0000000008001dd4       0x98 Core/Src/main.o
 .text.MX_UART7_Init
                0x0000000008001e6c       0x98 Core/Src/main.o
 .text.MX_UART8_Init
                0x0000000008001f04       0xa0 Core/Src/main.o
 .text.MX_USART3_UART_Init
                0x0000000008001fa4       0x98 Core/Src/main.o
 .text.MX_USB_OTG_HS_USB_Init
                0x000000000800203c        0xe Core/Src/main.o
 *fill*         0x000000000800204a        0x2 
 .text.MX_GPIO_Init
                0x000000000800204c      0x1bc Core/Src/main.o
 .text.Error_Handler
                0x0000000008002208        0xe Core/Src/main.o
                0x0000000008002208                Error_Handler
 *fill*         0x0000000008002216        0x2 
 .text.HAL_MspInit
                0x0000000008002218       0x34 Core/Src/stm32h7xx_hal_msp.o
                0x0000000008002218                HAL_MspInit
 .text.HAL_ADC_MspInit
                0x000000000800224c      0x118 Core/Src/stm32h7xx_hal_msp.o
                0x000000000800224c                HAL_ADC_MspInit
 .text.HAL_COMP_MspInit
                0x0000000008002364       0x8c Core/Src/stm32h7xx_hal_msp.o
                0x0000000008002364                HAL_COMP_MspInit
 .text.HAL_DFSDM_ChannelMspInit
                0x00000000080023f0       0xe0 Core/Src/stm32h7xx_hal_msp.o
                0x00000000080023f0                HAL_DFSDM_ChannelMspInit
 .text.HAL_ETH_MspInit
                0x00000000080024d0      0x158 Core/Src/stm32h7xx_hal_msp.o
                0x00000000080024d0                HAL_ETH_MspInit
 .text.HAL_FDCAN_MspInit
                0x0000000008002628       0x94 Core/Src/stm32h7xx_hal_msp.o
                0x0000000008002628                HAL_FDCAN_MspInit
 .text.HAL_HRTIM_MspInit
                0x00000000080026bc       0x44 Core/Src/stm32h7xx_hal_msp.o
                0x00000000080026bc                HAL_HRTIM_MspInit
 .text.HAL_HRTIM_MspPostInit
                0x0000000008002700       0xfc Core/Src/stm32h7xx_hal_msp.o
                0x0000000008002700                HAL_HRTIM_MspPostInit
 .text.HAL_I2C_MspInit
                0x00000000080027fc       0x94 Core/Src/stm32h7xx_hal_msp.o
                0x00000000080027fc                HAL_I2C_MspInit
 .text.HAL_SMBUS_MspInit
                0x0000000008002890       0xd8 Core/Src/stm32h7xx_hal_msp.o
                0x0000000008002890                HAL_SMBUS_MspInit
 .text.HAL_LPTIM_MspInit
                0x0000000008002968       0x94 Core/Src/stm32h7xx_hal_msp.o
                0x0000000008002968                HAL_LPTIM_MspInit
 .text.HAL_LTDC_MspInit
                0x00000000080029fc      0x20c Core/Src/stm32h7xx_hal_msp.o
                0x00000000080029fc                HAL_LTDC_MspInit
 .text.HAL_SD_MspInit
                0x0000000008002c08       0xd8 Core/Src/stm32h7xx_hal_msp.o
                0x0000000008002c08                HAL_SD_MspInit
 .text.HAL_SPI_MspInit
                0x0000000008002ce0      0x11c Core/Src/stm32h7xx_hal_msp.o
                0x0000000008002ce0                HAL_SPI_MspInit
 .text.HAL_TIM_PWM_MspInit
                0x0000000008002dfc      0x120 Core/Src/stm32h7xx_hal_msp.o
                0x0000000008002dfc                HAL_TIM_PWM_MspInit
 .text.HAL_TIM_IC_MspInit
                0x0000000008002f1c       0x94 Core/Src/stm32h7xx_hal_msp.o
                0x0000000008002f1c                HAL_TIM_IC_MspInit
 .text.HAL_TIM_Base_MspInit
                0x0000000008002fb0       0x74 Core/Src/stm32h7xx_hal_msp.o
                0x0000000008002fb0                HAL_TIM_Base_MspInit
 .text.HAL_TIM_MspPostInit
                0x0000000008003024      0x364 Core/Src/stm32h7xx_hal_msp.o
                0x0000000008003024                HAL_TIM_MspPostInit
 .text.HAL_UART_MspInit
                0x0000000008003388      0x264 Core/Src/stm32h7xx_hal_msp.o
                0x0000000008003388                HAL_UART_MspInit
 .text.NMI_Handler
                0x00000000080035ec        0xe Core/Src/stm32h7xx_it.o
                0x00000000080035ec                NMI_Handler
 .text.HardFault_Handler
                0x00000000080035fa        0x6 Core/Src/stm32h7xx_it.o
                0x00000000080035fa                HardFault_Handler
 .text.MemManage_Handler
                0x0000000008003600        0x6 Core/Src/stm32h7xx_it.o
                0x0000000008003600                MemManage_Handler
 .text.BusFault_Handler
                0x0000000008003606        0x6 Core/Src/stm32h7xx_it.o
                0x0000000008003606                BusFault_Handler
 .text.UsageFault_Handler
                0x000000000800360c        0x6 Core/Src/stm32h7xx_it.o
                0x000000000800360c                UsageFault_Handler
 .text.SVC_Handler
                0x0000000008003612        0xe Core/Src/stm32h7xx_it.o
                0x0000000008003612                SVC_Handler
 .text.DebugMon_Handler
                0x0000000008003620        0xe Core/Src/stm32h7xx_it.o
                0x0000000008003620                DebugMon_Handler
 .text.PendSV_Handler
                0x000000000800362e        0xe Core/Src/stm32h7xx_it.o
                0x000000000800362e                PendSV_Handler
 .text.SysTick_Handler
                0x000000000800363c        0xc Core/Src/stm32h7xx_it.o
                0x000000000800363c                SysTick_Handler
 .text.Reset_Handler
                0x0000000008003648       0x50 Core/Startup/startup_stm32h745bitx.o
                0x0000000008003648                Reset_Handler
 .text.Default_Handler
                0x0000000008003698        0x2 Core/Startup/startup_stm32h745bitx.o
                0x0000000008003698                RTC_Alarm_IRQHandler
                0x0000000008003698                EXTI2_IRQHandler
                0x0000000008003698                TIM8_CC_IRQHandler
                0x0000000008003698                HRTIM1_Master_IRQHandler
                0x0000000008003698                UART8_IRQHandler
                0x0000000008003698                SPI4_IRQHandler
                0x0000000008003698                TIM1_CC_IRQHandler
                0x0000000008003698                BDMA_Channel6_IRQHandler
                0x0000000008003698                DMA2_Stream5_IRQHandler
                0x0000000008003698                HRTIM1_FLT_IRQHandler
                0x0000000008003698                JPEG_IRQHandler
                0x0000000008003698                DMA1_Stream5_IRQHandler
                0x0000000008003698                BDMA_Channel1_IRQHandler
                0x0000000008003698                HRTIM1_TIMD_IRQHandler
                0x0000000008003698                TAMP_STAMP_IRQHandler
                0x0000000008003698                EXTI3_IRQHandler
                0x0000000008003698                LPTIM4_IRQHandler
                0x0000000008003698                TIM8_TRG_COM_TIM14_IRQHandler
                0x0000000008003698                LPTIM2_IRQHandler
                0x0000000008003698                DFSDM1_FLT1_IRQHandler
                0x0000000008003698                DMAMUX2_OVR_IRQHandler
                0x0000000008003698                TIM8_UP_TIM13_IRQHandler
                0x0000000008003698                I2C3_ER_IRQHandler
                0x0000000008003698                DFSDM1_FLT2_IRQHandler
                0x0000000008003698                MDMA_IRQHandler
                0x0000000008003698                LPTIM3_IRQHandler
                0x0000000008003698                HSEM1_IRQHandler
                0x0000000008003698                EXTI0_IRQHandler
                0x0000000008003698                I2C2_EV_IRQHandler
                0x0000000008003698                DMA1_Stream2_IRQHandler
                0x0000000008003698                FPU_IRQHandler
                0x0000000008003698                OTG_HS_WKUP_IRQHandler
                0x0000000008003698                FDCAN1_IT1_IRQHandler
                0x0000000008003698                LTDC_ER_IRQHandler
                0x0000000008003698                DMA2_Stream2_IRQHandler
                0x0000000008003698                HRTIM1_TIME_IRQHandler
                0x0000000008003698                SPI1_IRQHandler
                0x0000000008003698                TIM6_DAC_IRQHandler
                0x0000000008003698                DCMI_IRQHandler
                0x0000000008003698                HRTIM1_TIMC_IRQHandler
                0x0000000008003698                DMA2_Stream3_IRQHandler
                0x0000000008003698                SAI2_IRQHandler
                0x0000000008003698                DFSDM1_FLT3_IRQHandler
                0x0000000008003698                USART6_IRQHandler
                0x0000000008003698                TIM17_IRQHandler
                0x0000000008003698                USART3_IRQHandler
                0x0000000008003698                BDMA_Channel7_IRQHandler
                0x0000000008003698                LPTIM5_IRQHandler
                0x0000000008003698                UART5_IRQHandler
                0x0000000008003698                ADC3_IRQHandler
                0x0000000008003698                DMA2_Stream0_IRQHandler
                0x0000000008003698                TIM4_IRQHandler
                0x0000000008003698                BDMA_Channel2_IRQHandler
                0x0000000008003698                QUADSPI_IRQHandler
                0x0000000008003698                I2C1_EV_IRQHandler
                0x0000000008003698                DMA1_Stream6_IRQHandler
                0x0000000008003698                DMAMUX1_OVR_IRQHandler
                0x0000000008003698                DMA1_Stream1_IRQHandler
                0x0000000008003698                TIM16_IRQHandler
                0x0000000008003698                UART4_IRQHandler
                0x0000000008003698                BDMA_Channel5_IRQHandler
                0x0000000008003698                TIM3_IRQHandler
                0x0000000008003698                RCC_IRQHandler
                0x0000000008003698                TIM8_BRK_TIM12_IRQHandler
                0x0000000008003698                TIM1_TRG_COM_IRQHandler
                0x0000000008003698                Default_Handler
                0x0000000008003698                ECC_IRQHandler
                0x0000000008003698                CEC_IRQHandler
                0x0000000008003698                EXTI15_10_IRQHandler
                0x0000000008003698                BDMA_Channel0_IRQHandler
                0x0000000008003698                ADC_IRQHandler
                0x0000000008003698                DMA1_Stream7_IRQHandler
                0x0000000008003698                HRTIM1_TIMA_IRQHandler
                0x0000000008003698                SPI5_IRQHandler
                0x0000000008003698                TIM7_IRQHandler
                0x0000000008003698                SDMMC1_IRQHandler
                0x0000000008003698                TIM5_IRQHandler
                0x0000000008003698                DMA2_Stream7_IRQHandler
                0x0000000008003698                TIM15_IRQHandler
                0x0000000008003698                PVD_AVD_IRQHandler
                0x0000000008003698                I2C3_EV_IRQHandler
                0x0000000008003698                EXTI9_5_IRQHandler
                0x0000000008003698                RTC_WKUP_IRQHandler
                0x0000000008003698                LTDC_IRQHandler
                0x0000000008003698                SAI3_IRQHandler
                0x0000000008003698                ETH_WKUP_IRQHandler
                0x0000000008003698                SPDIF_RX_IRQHandler
                0x0000000008003698                SPI2_IRQHandler
                0x0000000008003698                OTG_HS_EP1_IN_IRQHandler
                0x0000000008003698                DMA1_Stream0_IRQHandler
                0x0000000008003698                CRS_IRQHandler
                0x0000000008003698                CM7_SEV_IRQHandler
                0x0000000008003698                EXTI4_IRQHandler
                0x0000000008003698                RNG_IRQHandler
                0x0000000008003698                CM4_SEV_IRQHandler
                0x0000000008003698                HRTIM1_TIMB_IRQHandler
                0x0000000008003698                FDCAN2_IT1_IRQHandler
                0x0000000008003698                ETH_IRQHandler
                0x0000000008003698                TIM1_UP_IRQHandler
                0x0000000008003698                WWDG_RST_IRQHandler
                0x0000000008003698                BDMA_Channel4_IRQHandler
                0x0000000008003698                OTG_HS_EP1_OUT_IRQHandler
                0x0000000008003698                WWDG_IRQHandler
                0x0000000008003698                SPI6_IRQHandler
                0x0000000008003698                MDIOS_IRQHandler
                0x0000000008003698                I2C4_EV_IRQHandler
                0x0000000008003698                FDCAN2_IT0_IRQHandler
                0x0000000008003698                LPUART1_IRQHandler
                0x0000000008003698                FDCAN1_IT0_IRQHandler
                0x0000000008003698                TIM2_IRQHandler
                0x0000000008003698                OTG_FS_WKUP_IRQHandler
                0x0000000008003698                OTG_HS_IRQHandler
                0x0000000008003698                HSEM2_IRQHandler
                0x0000000008003698                DMA2D_IRQHandler
                0x0000000008003698                TIM1_BRK_IRQHandler
                0x0000000008003698                EXTI1_IRQHandler
                0x0000000008003698                SDMMC2_IRQHandler
                0x0000000008003698                OTG_FS_EP1_OUT_IRQHandler
                0x0000000008003698                BDMA_Channel3_IRQHandler
                0x0000000008003698                HOLD_CORE_IRQHandler
                0x0000000008003698                UART7_IRQHandler
                0x0000000008003698                MDIOS_WKUP_IRQHandler
                0x0000000008003698                USART2_IRQHandler
                0x0000000008003698                DFSDM1_FLT0_IRQHandler
                0x0000000008003698                SAI4_IRQHandler
                0x0000000008003698                I2C2_ER_IRQHandler
                0x0000000008003698                DMA2_Stream1_IRQHandler
                0x0000000008003698                FLASH_IRQHandler
                0x0000000008003698                DMA2_Stream4_IRQHandler
                0x0000000008003698                USART1_IRQHandler
                0x0000000008003698                OTG_FS_IRQHandler
                0x0000000008003698                SPI3_IRQHandler
                0x0000000008003698                WAKEUP_PIN_IRQHandler
                0x0000000008003698                DMA1_Stream4_IRQHandler
                0x0000000008003698                OTG_FS_EP1_IN_IRQHandler
                0x0000000008003698                I2C1_ER_IRQHandler
                0x0000000008003698                FMC_IRQHandler
                0x0000000008003698                FDCAN_CAL_IRQHandler
                0x0000000008003698                SWPMI1_IRQHandler
                0x0000000008003698                COMP1_IRQHandler
                0x0000000008003698                LPTIM1_IRQHandler
                0x0000000008003698                I2C4_ER_IRQHandler
                0x0000000008003698                DMA2_Stream6_IRQHandler
                0x0000000008003698                SAI1_IRQHandler
                0x0000000008003698                DMA1_Stream3_IRQHandler
 *fill*         0x000000000800369a        0x2 
 .text.HAL_Init
                0x000000000800369c       0x78 Drivers/STM32H7xx_HAL_Driver/stm32h7xx_hal.o
                0x000000000800369c                HAL_Init
 .text.HAL_InitTick
                0x0000000008003714       0x6c Drivers/STM32H7xx_HAL_Driver/stm32h7xx_hal.o
                0x0000000008003714                HAL_InitTick
 .text.HAL_IncTick
                0x0000000008003780       0x28 Drivers/STM32H7xx_HAL_Driver/stm32h7xx_hal.o
                0x0000000008003780                HAL_IncTick
 .text.HAL_GetTick
                0x00000000080037a8       0x18 Drivers/STM32H7xx_HAL_Driver/stm32h7xx_hal.o
                0x00000000080037a8                HAL_GetTick
 .text.HAL_Delay
                0x00000000080037c0       0x44 Drivers/STM32H7xx_HAL_Driver/stm32h7xx_hal.o
                0x00000000080037c0                HAL_Delay
 .text.HAL_GetREVID
                0x0000000008003804       0x18 Drivers/STM32H7xx_HAL_Driver/stm32h7xx_hal.o
                0x0000000008003804                HAL_GetREVID
 .text.HAL_SYSCFG_ETHInterfaceSelect
                0x000000000800381c       0x28 Drivers/STM32H7xx_HAL_Driver/stm32h7xx_hal.o
                0x000000000800381c                HAL_SYSCFG_ETHInterfaceSelect
 .text.LL_ADC_SetCommonClock
                0x0000000008003844       0x26 Drivers/STM32H7xx_HAL_Driver/stm32h7xx_hal_adc.o
 .text.LL_ADC_SetCommonPathInternalCh
                0x000000000800386a       0x26 Drivers/STM32H7xx_HAL_Driver/stm32h7xx_hal_adc.o
 .text.LL_ADC_GetCommonPathInternalCh
                0x0000000008003890       0x1c Drivers/STM32H7xx_HAL_Driver/stm32h7xx_hal_adc.o
 .text.LL_ADC_SetOffset
                0x00000000080038ac       0x40 Drivers/STM32H7xx_HAL_Driver/stm32h7xx_hal_adc.o
 .text.LL_ADC_SetDataRightShift
                0x00000000080038ec       0x32 Drivers/STM32H7xx_HAL_Driver/stm32h7xx_hal_adc.o
 .text.LL_ADC_SetOffsetSignedSaturation
                0x000000000800391e       0x36 Drivers/STM32H7xx_HAL_Driver/stm32h7xx_hal_adc.o
 .text.LL_ADC_REG_SetSequencerRanks
                0x0000000008003954       0x58 Drivers/STM32H7xx_HAL_Driver/stm32h7xx_hal_adc.o
 .text.LL_ADC_SetChannelSamplingTime
                0x00000000080039ac       0x56 Drivers/STM32H7xx_HAL_Driver/stm32h7xx_hal_adc.o
 *fill*         0x0000000008003a02        0x2 
 .text.LL_ADC_SetChannelSingleDiff
                0x0000000008003a04       0x48 Drivers/STM32H7xx_HAL_Driver/stm32h7xx_hal_adc.o
 .text.LL_ADC_DisableDeepPowerDown
                0x0000000008003a4c       0x24 Drivers/STM32H7xx_HAL_Driver/stm32h7xx_hal_adc.o
 .text.LL_ADC_IsDeepPowerDownEnabled
                0x0000000008003a70       0x28 Drivers/STM32H7xx_HAL_Driver/stm32h7xx_hal_adc.o
 .text.LL_ADC_EnableInternalRegulator
                0x0000000008003a98       0x28 Drivers/STM32H7xx_HAL_Driver/stm32h7xx_hal_adc.o
 .text.LL_ADC_IsInternalRegulatorEnabled
                0x0000000008003ac0       0x28 Drivers/STM32H7xx_HAL_Driver/stm32h7xx_hal_adc.o
 .text.LL_ADC_IsEnabled
                0x0000000008003ae8       0x26 Drivers/STM32H7xx_HAL_Driver/stm32h7xx_hal_adc.o
 .text.LL_ADC_REG_IsConversionOngoing
                0x0000000008003b0e       0x26 Drivers/STM32H7xx_HAL_Driver/stm32h7xx_hal_adc.o
 .text.LL_ADC_INJ_IsConversionOngoing
                0x0000000008003b34       0x26 Drivers/STM32H7xx_HAL_Driver/stm32h7xx_hal_adc.o
 *fill*         0x0000000008003b5a        0x2 
 .text.HAL_ADC_Init
                0x0000000008003b5c      0x340 Drivers/STM32H7xx_HAL_Driver/stm32h7xx_hal_adc.o
                0x0000000008003b5c                HAL_ADC_Init
 .text.HAL_ADC_ConfigChannel
                0x0000000008003e9c      0x628 Drivers/STM32H7xx_HAL_Driver/stm32h7xx_hal_adc.o
                0x0000000008003e9c                HAL_ADC_ConfigChannel
 .text.ADC_ConfigureBoostMode
                0x00000000080044c4      0x1f0 Drivers/STM32H7xx_HAL_Driver/stm32h7xx_hal_adc.o
                0x00000000080044c4                ADC_ConfigureBoostMode
 .text.LL_ADC_IsEnabled
                0x00000000080046b4       0x26 Drivers/STM32H7xx_HAL_Driver/stm32h7xx_hal_adc_ex.o
 .text.LL_ADC_REG_IsConversionOngoing
                0x00000000080046da       0x26 Drivers/STM32H7xx_HAL_Driver/stm32h7xx_hal_adc_ex.o
 .text.HAL_ADCEx_MultiModeConfigChannel
                0x0000000008004700      0x1b4 Drivers/STM32H7xx_HAL_Driver/stm32h7xx_hal_adc_ex.o
                0x0000000008004700                HAL_ADCEx_MultiModeConfigChannel
 .text.HAL_COMP_Init
                0x00000000080048b4      0x250 Drivers/STM32H7xx_HAL_Driver/stm32h7xx_hal_comp.o
                0x00000000080048b4                HAL_COMP_Init
 .text.__NVIC_SetPriorityGrouping
                0x0000000008004b04       0x48 Drivers/STM32H7xx_HAL_Driver/stm32h7xx_hal_cortex.o
 .text.__NVIC_GetPriorityGrouping
                0x0000000008004b4c       0x1c Drivers/STM32H7xx_HAL_Driver/stm32h7xx_hal_cortex.o
 .text.__NVIC_SetPriority
                0x0000000008004b68       0x54 Drivers/STM32H7xx_HAL_Driver/stm32h7xx_hal_cortex.o
 .text.NVIC_EncodePriority
                0x0000000008004bbc       0x66 Drivers/STM32H7xx_HAL_Driver/stm32h7xx_hal_cortex.o
 *fill*         0x0000000008004c22        0x2 
 .text.SysTick_Config
                0x0000000008004c24       0x44 Drivers/STM32H7xx_HAL_Driver/stm32h7xx_hal_cortex.o
 .text.HAL_NVIC_SetPriorityGrouping
                0x0000000008004c68       0x16 Drivers/STM32H7xx_HAL_Driver/stm32h7xx_hal_cortex.o
                0x0000000008004c68                HAL_NVIC_SetPriorityGrouping
 .text.HAL_NVIC_SetPriority
                0x0000000008004c7e       0x34 Drivers/STM32H7xx_HAL_Driver/stm32h7xx_hal_cortex.o
                0x0000000008004c7e                HAL_NVIC_SetPriority
 .text.HAL_SYSTICK_Config
                0x0000000008004cb2       0x18 Drivers/STM32H7xx_HAL_Driver/stm32h7xx_hal_cortex.o
                0x0000000008004cb2                HAL_SYSTICK_Config
 *fill*         0x0000000008004cca        0x2 
 .text.HAL_DFSDM_ChannelInit
                0x0000000008004ccc      0x190 Drivers/STM32H7xx_HAL_Driver/stm32h7xx_hal_dfsdm.o
                0x0000000008004ccc                HAL_DFSDM_ChannelInit
 .text.DFSDM_GetChannelFromInstance
                0x0000000008004e5c       0x98 Drivers/STM32H7xx_HAL_Driver/stm32h7xx_hal_dfsdm.o
 .text.HAL_ETH_Init
                0x0000000008004ef4      0x1b4 Drivers/STM32H7xx_HAL_Driver/stm32h7xx_hal_eth.o
                0x0000000008004ef4                HAL_ETH_Init
 .text.ETH_SetMACConfig
                0x00000000080050a8      0x238 Drivers/STM32H7xx_HAL_Driver/stm32h7xx_hal_eth.o
 .text.ETH_SetDMAConfig
                0x00000000080052e0      0x10c Drivers/STM32H7xx_HAL_Driver/stm32h7xx_hal_eth.o
 .text.ETH_MACDMAConfig
                0x00000000080053ec      0x13a Drivers/STM32H7xx_HAL_Driver/stm32h7xx_hal_eth.o
 *fill*         0x0000000008005526        0x2 
 .text.ETH_MAC_MDIO_ClkConfig
                0x0000000008005528       0xb0 Drivers/STM32H7xx_HAL_Driver/stm32h7xx_hal_eth.o
 .text.ETH_DMATxDescListInit
                0x00000000080055d8       0x8e Drivers/STM32H7xx_HAL_Driver/stm32h7xx_hal_eth.o
 .text.ETH_DMARxDescListInit
                0x0000000008005666       0xba Drivers/STM32H7xx_HAL_Driver/stm32h7xx_hal_eth.o
 .text.HAL_FDCAN_Init
                0x0000000008005720      0x3c4 Drivers/STM32H7xx_HAL_Driver/stm32h7xx_hal_fdcan.o
                0x0000000008005720                HAL_FDCAN_Init
 .text.FDCAN_CalcultateRamBlockAddresses
                0x0000000008005ae4      0x30c Drivers/STM32H7xx_HAL_Driver/stm32h7xx_hal_fdcan.o
 .text.HAL_GPIO_Init
                0x0000000008005df0      0x360 Drivers/STM32H7xx_HAL_Driver/stm32h7xx_hal_gpio.o
                0x0000000008005df0                HAL_GPIO_Init
 .text.HAL_HRTIM_Init
                0x0000000008006150      0x1a0 Drivers/STM32H7xx_HAL_Driver/stm32h7xx_hal_hrtim.o
                0x0000000008006150                HAL_HRTIM_Init
 .text.HAL_HRTIM_TimeBaseConfig
                0x00000000080062f0       0x50 Drivers/STM32H7xx_HAL_Driver/stm32h7xx_hal_hrtim.o
                0x00000000080062f0                HAL_HRTIM_TimeBaseConfig
 .text.HAL_HRTIM_WaveformTimerConfig
                0x0000000008006340       0xe4 Drivers/STM32H7xx_HAL_Driver/stm32h7xx_hal_hrtim.o
                0x0000000008006340                HAL_HRTIM_WaveformTimerConfig
 .text.HAL_HRTIM_WaveformOutputConfig
                0x0000000008006424       0x62 Drivers/STM32H7xx_HAL_Driver/stm32h7xx_hal_hrtim.o
                0x0000000008006424                HAL_HRTIM_WaveformOutputConfig
 .text.HRTIM_MasterBase_Config
                0x0000000008006486       0x5e Drivers/STM32H7xx_HAL_Driver/stm32h7xx_hal_hrtim.o
 .text.HRTIM_TimingUnitBase_Config
                0x00000000080064e4       0x80 Drivers/STM32H7xx_HAL_Driver/stm32h7xx_hal_hrtim.o
 .text.HRTIM_MasterWaveform_Config
                0x0000000008006564       0xcc Drivers/STM32H7xx_HAL_Driver/stm32h7xx_hal_hrtim.o
 .text.HRTIM_TimingUnitWaveform_Config
                0x0000000008006630      0x280 Drivers/STM32H7xx_HAL_Driver/stm32h7xx_hal_hrtim.o
 .text.HRTIM_OutputConfig
                0x00000000080068b0      0x16c Drivers/STM32H7xx_HAL_Driver/stm32h7xx_hal_hrtim.o
 .text.HRTIM_ForceRegistersUpdate
                0x0000000008006a1c       0xc4 Drivers/STM32H7xx_HAL_Driver/stm32h7xx_hal_hrtim.o
 .text.HAL_HSEM_FastTake
                0x0000000008006ae0       0x34 Drivers/STM32H7xx_HAL_Driver/stm32h7xx_hal_hsem.o
                0x0000000008006ae0                HAL_HSEM_FastTake
 .text.HAL_HSEM_Release
                0x0000000008006b14       0x28 Drivers/STM32H7xx_HAL_Driver/stm32h7xx_hal_hsem.o
                0x0000000008006b14                HAL_HSEM_Release
 .text.HAL_I2C_Init
                0x0000000008006b3c      0x120 Drivers/STM32H7xx_HAL_Driver/stm32h7xx_hal_i2c.o
                0x0000000008006b3c                HAL_I2C_Init
 .text.HAL_I2CEx_ConfigAnalogFilter
                0x0000000008006c5c       0x96 Drivers/STM32H7xx_HAL_Driver/stm32h7xx_hal_i2c_ex.o
                0x0000000008006c5c                HAL_I2CEx_ConfigAnalogFilter
 .text.HAL_I2CEx_ConfigDigitalFilter
                0x0000000008006cf2       0x98 Drivers/STM32H7xx_HAL_Driver/stm32h7xx_hal_i2c_ex.o
                0x0000000008006cf2                HAL_I2CEx_ConfigDigitalFilter
 *fill*         0x0000000008006d8a        0x2 
 .text.HAL_LPTIM_Init
                0x0000000008006d8c      0x144 Drivers/STM32H7xx_HAL_Driver/stm32h7xx_hal_lptim.o
                0x0000000008006d8c                HAL_LPTIM_Init
 .text.HAL_LTDC_Init
                0x0000000008006ed0      0x1a0 Drivers/STM32H7xx_HAL_Driver/stm32h7xx_hal_ltdc.o
                0x0000000008006ed0                HAL_LTDC_Init
 .text.HAL_LTDC_ConfigLayer
                0x0000000008007070       0x7c Drivers/STM32H7xx_HAL_Driver/stm32h7xx_hal_ltdc.o
                0x0000000008007070                HAL_LTDC_ConfigLayer
 .text.LTDC_SetConfig
                0x00000000080070ec      0x334 Drivers/STM32H7xx_HAL_Driver/stm32h7xx_hal_ltdc.o
 .text.HAL_PWREx_ConfigSupply
                0x0000000008007420       0xb4 Drivers/STM32H7xx_HAL_Driver/stm32h7xx_hal_pwr_ex.o
                0x0000000008007420                HAL_PWREx_ConfigSupply
 .text.HAL_RCC_OscConfig
                0x00000000080074d4      0x820 Drivers/STM32H7xx_HAL_Driver/stm32h7xx_hal_rcc.o
                0x00000000080074d4                HAL_RCC_OscConfig
 .text.HAL_RCC_ClockConfig
                0x0000000008007cf4      0x36c Drivers/STM32H7xx_HAL_Driver/stm32h7xx_hal_rcc.o
                0x0000000008007cf4                HAL_RCC_ClockConfig
 .text.HAL_RCC_GetSysClockFreq
                0x0000000008008060      0x2e4 Drivers/STM32H7xx_HAL_Driver/stm32h7xx_hal_rcc.o
                0x0000000008008060                HAL_RCC_GetSysClockFreq
 .text.HAL_RCC_GetHCLKFreq
                0x0000000008008344       0x60 Drivers/STM32H7xx_HAL_Driver/stm32h7xx_hal_rcc.o
                0x0000000008008344                HAL_RCC_GetHCLKFreq
 .text.HAL_RCC_GetPCLK1Freq
                0x00000000080083a4       0x2c Drivers/STM32H7xx_HAL_Driver/stm32h7xx_hal_rcc.o
                0x00000000080083a4                HAL_RCC_GetPCLK1Freq
 .text.HAL_RCC_GetPCLK2Freq
                0x00000000080083d0       0x2c Drivers/STM32H7xx_HAL_Driver/stm32h7xx_hal_rcc.o
                0x00000000080083d0                HAL_RCC_GetPCLK2Freq
 .text.HAL_RCCEx_PeriphCLKConfig
                0x00000000080083fc      0xddc Drivers/STM32H7xx_HAL_Driver/stm32h7xx_hal_rcc_ex.o
                0x00000000080083fc                HAL_RCCEx_PeriphCLKConfig
 .text.HAL_RCCEx_GetPeriphCLKFreq
                0x00000000080091d8      0x4f0 Drivers/STM32H7xx_HAL_Driver/stm32h7xx_hal_rcc_ex.o
                0x00000000080091d8                HAL_RCCEx_GetPeriphCLKFreq
 .text.HAL_RCCEx_GetD3PCLK1Freq
                0x00000000080096c8       0x2c Drivers/STM32H7xx_HAL_Driver/stm32h7xx_hal_rcc_ex.o
                0x00000000080096c8                HAL_RCCEx_GetD3PCLK1Freq
 .text.HAL_RCCEx_GetPLL2ClockFreq
                0x00000000080096f4      0x298 Drivers/STM32H7xx_HAL_Driver/stm32h7xx_hal_rcc_ex.o
                0x00000000080096f4                HAL_RCCEx_GetPLL2ClockFreq
 .text.HAL_RCCEx_GetPLL3ClockFreq
                0x000000000800998c      0x298 Drivers/STM32H7xx_HAL_Driver/stm32h7xx_hal_rcc_ex.o
                0x000000000800998c                HAL_RCCEx_GetPLL3ClockFreq
 .text.HAL_RCCEx_GetPLL1ClockFreq
                0x0000000008009c24      0x298 Drivers/STM32H7xx_HAL_Driver/stm32h7xx_hal_rcc_ex.o
                0x0000000008009c24                HAL_RCCEx_GetPLL1ClockFreq
 .text.RCCEx_PLL2_Config
                0x0000000008009ebc      0x164 Drivers/STM32H7xx_HAL_Driver/stm32h7xx_hal_rcc_ex.o
 .text.RCCEx_PLL3_Config
                0x000000000800a020      0x164 Drivers/STM32H7xx_HAL_Driver/stm32h7xx_hal_rcc_ex.o
 .text.HAL_SD_Init
                0x000000000800a184      0x114 Drivers/STM32H7xx_HAL_Driver/stm32h7xx_hal_sd.o
                0x000000000800a184                HAL_SD_Init
 .text.HAL_SD_InitCard
                0x000000000800a298      0x134 Drivers/STM32H7xx_HAL_Driver/stm32h7xx_hal_sd.o
                0x000000000800a298                HAL_SD_InitCard
 .text.HAL_SD_DriveTransceiver_1_8V_Callback
                0x000000000800a3cc       0x16 Drivers/STM32H7xx_HAL_Driver/stm32h7xx_hal_sd.o
                0x000000000800a3cc                HAL_SD_DriveTransceiver_1_8V_Callback
 *fill*         0x000000000800a3e2        0x2 
 .text.HAL_SD_GetCardCSD
                0x000000000800a3e4      0x348 Drivers/STM32H7xx_HAL_Driver/stm32h7xx_hal_sd.o
                0x000000000800a3e4                HAL_SD_GetCardCSD
 .text.HAL_SD_GetCardStatus
                0x000000000800a72c      0x16c Drivers/STM32H7xx_HAL_Driver/stm32h7xx_hal_sd.o
                0x000000000800a72c                HAL_SD_GetCardStatus
 .text.HAL_SD_ConfigWideBusOperation
                0x000000000800a898      0x154 Drivers/STM32H7xx_HAL_Driver/stm32h7xx_hal_sd.o
                0x000000000800a898                HAL_SD_ConfigWideBusOperation
 .text.HAL_SD_GetCardState
                0x000000000800a9ec       0x40 Drivers/STM32H7xx_HAL_Driver/stm32h7xx_hal_sd.o
                0x000000000800a9ec                HAL_SD_GetCardState
 .text.SD_InitCard
                0x000000000800aa2c      0x17c Drivers/STM32H7xx_HAL_Driver/stm32h7xx_hal_sd.o
 .text.SD_PowerON
                0x000000000800aba8      0x210 Drivers/STM32H7xx_HAL_Driver/stm32h7xx_hal_sd.o
 .text.SD_SendSDStatus
                0x000000000800adb8      0x1a0 Drivers/STM32H7xx_HAL_Driver/stm32h7xx_hal_sd.o
 .text.SD_SendStatus
                0x000000000800af58       0x50 Drivers/STM32H7xx_HAL_Driver/stm32h7xx_hal_sd.o
 .text.SD_WideBus_Enable
                0x000000000800afa8       0x96 Drivers/STM32H7xx_HAL_Driver/stm32h7xx_hal_sd.o
 .text.SD_WideBus_Disable
                0x000000000800b03e       0x96 Drivers/STM32H7xx_HAL_Driver/stm32h7xx_hal_sd.o
 .text.SD_FindSCR
                0x000000000800b0d4      0x1a0 Drivers/STM32H7xx_HAL_Driver/stm32h7xx_hal_sd.o
 .text.HAL_SMBUS_Init
                0x000000000800b274      0x170 Drivers/STM32H7xx_HAL_Driver/stm32h7xx_hal_smbus.o
                0x000000000800b274                HAL_SMBUS_Init
 .text.HAL_SMBUS_ConfigDigitalFilter
                0x000000000800b3e4       0x90 Drivers/STM32H7xx_HAL_Driver/stm32h7xx_hal_smbus.o
                0x000000000800b3e4                HAL_SMBUS_ConfigDigitalFilter
 .text.HAL_SPI_Init
                0x000000000800b474      0x1f0 Drivers/STM32H7xx_HAL_Driver/stm32h7xx_hal_spi.o
                0x000000000800b474                HAL_SPI_Init
 .text.SPI_GetPacketSize
                0x000000000800b664       0x36 Drivers/STM32H7xx_HAL_Driver/stm32h7xx_hal_spi.o
 .text.HAL_TIM_Base_Init
                0x000000000800b69a       0xae Drivers/STM32H7xx_HAL_Driver/stm32h7xx_hal_tim.o
                0x000000000800b69a                HAL_TIM_Base_Init
 .text.HAL_TIM_PWM_Init
                0x000000000800b748       0xae Drivers/STM32H7xx_HAL_Driver/stm32h7xx_hal_tim.o
                0x000000000800b748                HAL_TIM_PWM_Init
 .text.HAL_TIM_IC_Init
                0x000000000800b7f6       0xae Drivers/STM32H7xx_HAL_Driver/stm32h7xx_hal_tim.o
                0x000000000800b7f6                HAL_TIM_IC_Init
 .text.HAL_TIM_IC_ConfigChannel
                0x000000000800b8a4      0x128 Drivers/STM32H7xx_HAL_Driver/stm32h7xx_hal_tim.o
                0x000000000800b8a4                HAL_TIM_IC_ConfigChannel
 .text.HAL_TIM_PWM_ConfigChannel
                0x000000000800b9cc      0x220 Drivers/STM32H7xx_HAL_Driver/stm32h7xx_hal_tim.o
                0x000000000800b9cc                HAL_TIM_PWM_ConfigChannel
 .text.HAL_TIM_SlaveConfigSynchro
                0x000000000800bbec       0x84 Drivers/STM32H7xx_HAL_Driver/stm32h7xx_hal_tim.o
                0x000000000800bbec                HAL_TIM_SlaveConfigSynchro
 .text.TIM_Base_SetConfig
                0x000000000800bc70      0x134 Drivers/STM32H7xx_HAL_Driver/stm32h7xx_hal_tim.o
                0x000000000800bc70                TIM_Base_SetConfig
 .text.TIM_OC1_SetConfig
                0x000000000800bda4      0x120 Drivers/STM32H7xx_HAL_Driver/stm32h7xx_hal_tim.o
 .text.TIM_OC2_SetConfig
                0x000000000800bec4      0x114 Drivers/STM32H7xx_HAL_Driver/stm32h7xx_hal_tim.o
                0x000000000800bec4                TIM_OC2_SetConfig
 .text.TIM_OC3_SetConfig
                0x000000000800bfd8      0x10c Drivers/STM32H7xx_HAL_Driver/stm32h7xx_hal_tim.o
 .text.TIM_OC4_SetConfig
                0x000000000800c0e4       0xd0 Drivers/STM32H7xx_HAL_Driver/stm32h7xx_hal_tim.o
 .text.TIM_OC5_SetConfig
                0x000000000800c1b4       0xc4 Drivers/STM32H7xx_HAL_Driver/stm32h7xx_hal_tim.o
 .text.TIM_OC6_SetConfig
                0x000000000800c278       0xc8 Drivers/STM32H7xx_HAL_Driver/stm32h7xx_hal_tim.o
 .text.TIM_SlaveTimer_SetConfig
                0x000000000800c340      0x194 Drivers/STM32H7xx_HAL_Driver/stm32h7xx_hal_tim.o
 .text.TIM_TI1_SetConfig
                0x000000000800c4d4       0xe8 Drivers/STM32H7xx_HAL_Driver/stm32h7xx_hal_tim.o
                0x000000000800c4d4                TIM_TI1_SetConfig
 .text.TIM_TI1_ConfigInputStage
                0x000000000800c5bc       0x5e Drivers/STM32H7xx_HAL_Driver/stm32h7xx_hal_tim.o
 .text.TIM_TI2_SetConfig
                0x000000000800c61a       0x7a Drivers/STM32H7xx_HAL_Driver/stm32h7xx_hal_tim.o
 .text.TIM_TI2_ConfigInputStage
                0x000000000800c694       0x60 Drivers/STM32H7xx_HAL_Driver/stm32h7xx_hal_tim.o
 .text.TIM_TI3_SetConfig
                0x000000000800c6f4       0x78 Drivers/STM32H7xx_HAL_Driver/stm32h7xx_hal_tim.o
 .text.TIM_TI4_SetConfig
                0x000000000800c76c       0x7a Drivers/STM32H7xx_HAL_Driver/stm32h7xx_hal_tim.o
 .text.TIM_ETR_SetConfig
                0x000000000800c7e6       0x40 Drivers/STM32H7xx_HAL_Driver/stm32h7xx_hal_tim.o
                0x000000000800c7e6                TIM_ETR_SetConfig
 *fill*         0x000000000800c826        0x2 
 .text.HAL_TIMEx_MasterConfigSynchronization
                0x000000000800c828      0x110 Drivers/STM32H7xx_HAL_Driver/stm32h7xx_hal_tim_ex.o
                0x000000000800c828                HAL_TIMEx_MasterConfigSynchronization
 .text.HAL_TIMEx_ConfigBreakDeadTime
                0x000000000800c938       0xfc Drivers/STM32H7xx_HAL_Driver/stm32h7xx_hal_tim_ex.o
                0x000000000800c938                HAL_TIMEx_ConfigBreakDeadTime
 .text.HAL_UART_Init
                0x000000000800ca34       0xa0 Drivers/STM32H7xx_HAL_Driver/stm32h7xx_hal_uart.o
                0x000000000800ca34                HAL_UART_Init
 .text.UART_SetConfig
                0x000000000800cad4      0xb60 Drivers/STM32H7xx_HAL_Driver/stm32h7xx_hal_uart.o
                0x000000000800cad4                UART_SetConfig
 .text.UART_AdvFeatureConfig
                0x000000000800d634      0x144 Drivers/STM32H7xx_HAL_Driver/stm32h7xx_hal_uart.o
                0x000000000800d634                UART_AdvFeatureConfig
 .text.UART_CheckIdleState
                0x000000000800d778       0x90 Drivers/STM32H7xx_HAL_Driver/stm32h7xx_hal_uart.o
                0x000000000800d778                UART_CheckIdleState
 .text.UART_WaitOnFlagUntilTimeout
                0x000000000800d808      0x100 Drivers/STM32H7xx_HAL_Driver/stm32h7xx_hal_uart.o
                0x000000000800d808                UART_WaitOnFlagUntilTimeout
 .text.HAL_RS485Ex_Init
                0x000000000800d908       0xd4 Drivers/STM32H7xx_HAL_Driver/stm32h7xx_hal_uart_ex.o
                0x000000000800d908                HAL_RS485Ex_Init
 .text.HAL_UARTEx_DisableFifoMode
                0x000000000800d9dc       0x72 Drivers/STM32H7xx_HAL_Driver/stm32h7xx_hal_uart_ex.o
                0x000000000800d9dc                HAL_UARTEx_DisableFifoMode
 .text.HAL_UARTEx_SetTxFifoThreshold
                0x000000000800da4e       0x7c Drivers/STM32H7xx_HAL_Driver/stm32h7xx_hal_uart_ex.o
                0x000000000800da4e                HAL_UARTEx_SetTxFifoThreshold
 .text.HAL_UARTEx_SetRxFifoThreshold
                0x000000000800daca       0x7c Drivers/STM32H7xx_HAL_Driver/stm32h7xx_hal_uart_ex.o
                0x000000000800daca                HAL_UARTEx_SetRxFifoThreshold
 *fill*         0x000000000800db46        0x2 
 .text.UARTEx_SetNbDataToProcess
                0x000000000800db48       0xd0 Drivers/STM32H7xx_HAL_Driver/stm32h7xx_hal_uart_ex.o
 .text.SDMMC_Init
                0x000000000800dc18       0x54 Drivers/STM32H7xx_HAL_Driver/stm32h7xx_ll_sdmmc.o
                0x000000000800dc18                SDMMC_Init
 .text.SDMMC_ReadFIFO
                0x000000000800dc6c       0x1a Drivers/STM32H7xx_HAL_Driver/stm32h7xx_ll_sdmmc.o
                0x000000000800dc6c                SDMMC_ReadFIFO
 .text.SDMMC_PowerState_ON
                0x000000000800dc86       0x22 Drivers/STM32H7xx_HAL_Driver/stm32h7xx_ll_sdmmc.o
                0x000000000800dc86                SDMMC_PowerState_ON
 .text.SDMMC_GetPowerState
                0x000000000800dca8       0x1c Drivers/STM32H7xx_HAL_Driver/stm32h7xx_ll_sdmmc.o
                0x000000000800dca8                SDMMC_GetPowerState
 .text.SDMMC_SendCommand
                0x000000000800dcc4       0x54 Drivers/STM32H7xx_HAL_Driver/stm32h7xx_ll_sdmmc.o
                0x000000000800dcc4                SDMMC_SendCommand
 .text.SDMMC_GetCommandResponse
                0x000000000800dd18       0x1a Drivers/STM32H7xx_HAL_Driver/stm32h7xx_ll_sdmmc.o
                0x000000000800dd18                SDMMC_GetCommandResponse
 .text.SDMMC_GetResponse
                0x000000000800dd32       0x26 Drivers/STM32H7xx_HAL_Driver/stm32h7xx_ll_sdmmc.o
                0x000000000800dd32                SDMMC_GetResponse
 .text.SDMMC_ConfigData
                0x000000000800dd58       0x58 Drivers/STM32H7xx_HAL_Driver/stm32h7xx_ll_sdmmc.o
                0x000000000800dd58                SDMMC_ConfigData
 .text.SDMMC_CmdBlockLength
                0x000000000800ddb0       0x46 Drivers/STM32H7xx_HAL_Driver/stm32h7xx_ll_sdmmc.o
                0x000000000800ddb0                SDMMC_CmdBlockLength
 .text.SDMMC_CmdSelDesel
                0x000000000800ddf6       0x48 Drivers/STM32H7xx_HAL_Driver/stm32h7xx_ll_sdmmc.o
                0x000000000800ddf6                SDMMC_CmdSelDesel
 .text.SDMMC_CmdGoIdleState
                0x000000000800de3e       0x3c Drivers/STM32H7xx_HAL_Driver/stm32h7xx_ll_sdmmc.o
                0x000000000800de3e                SDMMC_CmdGoIdleState
 .text.SDMMC_CmdOperCond
                0x000000000800de7a       0x40 Drivers/STM32H7xx_HAL_Driver/stm32h7xx_ll_sdmmc.o
                0x000000000800de7a                SDMMC_CmdOperCond
 .text.SDMMC_CmdAppCommand
                0x000000000800deba       0x46 Drivers/STM32H7xx_HAL_Driver/stm32h7xx_ll_sdmmc.o
                0x000000000800deba                SDMMC_CmdAppCommand
 .text.SDMMC_CmdAppOperCommand
                0x000000000800df00       0x40 Drivers/STM32H7xx_HAL_Driver/stm32h7xx_ll_sdmmc.o
                0x000000000800df00                SDMMC_CmdAppOperCommand
 .text.SDMMC_CmdBusWidth
                0x000000000800df40       0x46 Drivers/STM32H7xx_HAL_Driver/stm32h7xx_ll_sdmmc.o
                0x000000000800df40                SDMMC_CmdBusWidth
 .text.SDMMC_CmdSendSCR
                0x000000000800df86       0x44 Drivers/STM32H7xx_HAL_Driver/stm32h7xx_ll_sdmmc.o
                0x000000000800df86                SDMMC_CmdSendSCR
 .text.SDMMC_CmdSendCID
                0x000000000800dfca       0x3e Drivers/STM32H7xx_HAL_Driver/stm32h7xx_ll_sdmmc.o
                0x000000000800dfca                SDMMC_CmdSendCID
 .text.SDMMC_CmdSendCSD
                0x000000000800e008       0x40 Drivers/STM32H7xx_HAL_Driver/stm32h7xx_ll_sdmmc.o
                0x000000000800e008                SDMMC_CmdSendCSD
 .text.SDMMC_CmdSetRelAdd
                0x000000000800e048       0x44 Drivers/STM32H7xx_HAL_Driver/stm32h7xx_ll_sdmmc.o
                0x000000000800e048                SDMMC_CmdSetRelAdd
 .text.SDMMC_CmdSendStatus
                0x000000000800e08c       0x46 Drivers/STM32H7xx_HAL_Driver/stm32h7xx_ll_sdmmc.o
                0x000000000800e08c                SDMMC_CmdSendStatus
 .text.SDMMC_CmdStatusRegister
                0x000000000800e0d2       0x44 Drivers/STM32H7xx_HAL_Driver/stm32h7xx_ll_sdmmc.o
                0x000000000800e0d2                SDMMC_CmdStatusRegister
 .text.SDMMC_CmdVoltageSwitch
                0x000000000800e116       0x44 Drivers/STM32H7xx_HAL_Driver/stm32h7xx_ll_sdmmc.o
                0x000000000800e116                SDMMC_CmdVoltageSwitch
 *fill*         0x000000000800e15a        0x2 
 .text.SDMMC_GetCmdError
                0x000000000800e15c       0x5c Drivers/STM32H7xx_HAL_Driver/stm32h7xx_ll_sdmmc.o
 .text.SDMMC_GetCmdResp1
                0x000000000800e1b8      0x1e4 Drivers/STM32H7xx_HAL_Driver/stm32h7xx_ll_sdmmc.o
 .text.SDMMC_GetCmdResp2
                0x000000000800e39c       0x94 Drivers/STM32H7xx_HAL_Driver/stm32h7xx_ll_sdmmc.o
 .text.SDMMC_GetCmdResp3
                0x000000000800e430       0x80 Drivers/STM32H7xx_HAL_Driver/stm32h7xx_ll_sdmmc.o
 .text.SDMMC_GetCmdResp6
                0x000000000800e4b0       0xf0 Drivers/STM32H7xx_HAL_Driver/stm32h7xx_ll_sdmmc.o
 .text.SDMMC_GetCmdResp7
                0x000000000800e5a0       0x9c Drivers/STM32H7xx_HAL_Driver/stm32h7xx_ll_sdmmc.o
 .text.__libc_init_array
                0x000000000800e63c       0x48 c:/st/stm32cubeide_1.2.0/stm32cubeide/plugins/com.st.stm32cube.ide.mcu.externaltools.gnu-tools-for-stm32.7-2018-q2-update.win32_1.5.0.202011040924/tools/bin/../lib/gcc/arm-none-eabi/7.3.1/../../../../arm-none-eabi/lib/thumb/v7e-m/fpv5/hard\libc_nano.a(lib_a-init.o)
                0x000000000800e63c                __libc_init_array
 .text.memcpy   0x000000000800e684       0x16 c:/st/stm32cubeide_1.2.0/stm32cubeide/plugins/com.st.stm32cube.ide.mcu.externaltools.gnu-tools-for-stm32.7-2018-q2-update.win32_1.5.0.202011040924/tools/bin/../lib/gcc/arm-none-eabi/7.3.1/../../../../arm-none-eabi/lib/thumb/v7e-m/fpv5/hard\libc_nano.a(lib_a-memcpy-stub.o)
                0x000000000800e684                memcpy
 .text.memset   0x000000000800e69a       0x10 c:/st/stm32cubeide_1.2.0/stm32cubeide/plugins/com.st.stm32cube.ide.mcu.externaltools.gnu-tools-for-stm32.7-2018-q2-update.win32_1.5.0.202011040924/tools/bin/../lib/gcc/arm-none-eabi/7.3.1/../../../../arm-none-eabi/lib/thumb/v7e-m/fpv5/hard\libc_nano.a(lib_a-memset.o)
                0x000000000800e69a                memset
 *(.glue_7)
 .glue_7        0x000000000800e6aa        0x0 linker stubs
 *(.glue_7t)
 .glue_7t       0x000000000800e6aa        0x0 linker stubs
 *(.eh_frame)
 *fill*         0x000000000800e6aa        0x2 
 .eh_frame      0x000000000800e6ac        0x0 c:/st/stm32cubeide_1.2.0/stm32cubeide/plugins/com.st.stm32cube.ide.mcu.externaltools.gnu-tools-for-stm32.7-2018-q2-update.win32_1.5.0.202011040924/tools/bin/../lib/gcc/arm-none-eabi/7.3.1/thumb/v7e-m/fpv5/hard/crtbegin.o
 *(.init)
 .init          0x000000000800e6ac        0x4 c:/st/stm32cubeide_1.2.0/stm32cubeide/plugins/com.st.stm32cube.ide.mcu.externaltools.gnu-tools-for-stm32.7-2018-q2-update.win32_1.5.0.202011040924/tools/bin/../lib/gcc/arm-none-eabi/7.3.1/thumb/v7e-m/fpv5/hard/crti.o
                0x000000000800e6ac                _init
 .init          0x000000000800e6b0        0x8 c:/st/stm32cubeide_1.2.0/stm32cubeide/plugins/com.st.stm32cube.ide.mcu.externaltools.gnu-tools-for-stm32.7-2018-q2-update.win32_1.5.0.202011040924/tools/bin/../lib/gcc/arm-none-eabi/7.3.1/thumb/v7e-m/fpv5/hard/crtn.o
 *(.fini)
 .fini          0x000000000800e6b8        0x4 c:/st/stm32cubeide_1.2.0/stm32cubeide/plugins/com.st.stm32cube.ide.mcu.externaltools.gnu-tools-for-stm32.7-2018-q2-update.win32_1.5.0.202011040924/tools/bin/../lib/gcc/arm-none-eabi/7.3.1/thumb/v7e-m/fpv5/hard/crti.o
                0x000000000800e6b8                _fini
 .fini          0x000000000800e6bc        0x8 c:/st/stm32cubeide_1.2.0/stm32cubeide/plugins/com.st.stm32cube.ide.mcu.externaltools.gnu-tools-for-stm32.7-2018-q2-update.win32_1.5.0.202011040924/tools/bin/../lib/gcc/arm-none-eabi/7.3.1/thumb/v7e-m/fpv5/hard/crtn.o
                0x000000000800e6c4                . = ALIGN (0x4)
                0x000000000800e6c4                _etext = .

.vfp11_veneer   0x000000000800e6c4        0x0
 .vfp11_veneer  0x000000000800e6c4        0x0 linker stubs

.v4_bx          0x000000000800e6c4        0x0
 .v4_bx         0x000000000800e6c4        0x0 linker stubs

.iplt           0x000000000800e6c4        0x0
 .iplt          0x000000000800e6c4        0x0 c:/st/stm32cubeide_1.2.0/stm32cubeide/plugins/com.st.stm32cube.ide.mcu.externaltools.gnu-tools-for-stm32.7-2018-q2-update.win32_1.5.0.202011040924/tools/bin/../lib/gcc/arm-none-eabi/7.3.1/thumb/v7e-m/fpv5/hard/crtbegin.o

.rodata         0x000000000800e6c4       0x84
                0x000000000800e6c4                . = ALIGN (0x4)
 *(.rodata)
 .rodata        0x000000000800e6c4       0x4c Drivers/STM32H7xx_HAL_Driver/stm32h7xx_hal_fdcan.o
 .rodata        0x000000000800e710       0x10 Drivers/STM32H7xx_HAL_Driver/stm32h7xx_hal_uart_ex.o
 *(.rodata*)
 .rodata.D1CorePrescTable
                0x000000000800e720       0x10 Common/Src/system_stm32h7xx_dualcore_boot_cm4_cm7.o
                0x000000000800e720                D1CorePrescTable
 .rodata.UARTPrescTable
                0x000000000800e730       0x18 Drivers/STM32H7xx_HAL_Driver/stm32h7xx_hal_uart.o
                0x000000000800e730                UARTPrescTable
                0x000000000800e748                . = ALIGN (0x4)

.ARM.extab
 *(.ARM.extab* .gnu.linkonce.armextab.*)

.ARM            0x000000000800e748        0x8
                0x000000000800e748                __exidx_start = .
 *(.ARM.exidx*)
 .ARM.exidx     0x000000000800e748        0x8 c:/st/stm32cubeide_1.2.0/stm32cubeide/plugins/com.st.stm32cube.ide.mcu.externaltools.gnu-tools-for-stm32.7-2018-q2-update.win32_1.5.0.202011040924/tools/bin/../lib/gcc/arm-none-eabi/7.3.1/thumb/v7e-m/fpv5/hard\libgcc.a(_udivmoddi4.o)
                0x000000000800e750                __exidx_end = .

.rel.dyn        0x000000000800e750        0x0
 .rel.iplt      0x000000000800e750        0x0 c:/st/stm32cubeide_1.2.0/stm32cubeide/plugins/com.st.stm32cube.ide.mcu.externaltools.gnu-tools-for-stm32.7-2018-q2-update.win32_1.5.0.202011040924/tools/bin/../lib/gcc/arm-none-eabi/7.3.1/thumb/v7e-m/fpv5/hard/crtbegin.o

.preinit_array  0x000000000800e750        0x0
                0x000000000800e750                PROVIDE (__preinit_array_start = .)
 *(.preinit_array*)
                0x000000000800e750                PROVIDE (__preinit_array_end = .)

.init_array     0x000000000800e750        0x4
                0x000000000800e750                PROVIDE (__init_array_start = .)
 *(SORT_BY_NAME(.init_array.*))
 *(.init_array*)
 .init_array    0x000000000800e750        0x4 c:/st/stm32cubeide_1.2.0/stm32cubeide/plugins/com.st.stm32cube.ide.mcu.externaltools.gnu-tools-for-stm32.7-2018-q2-update.win32_1.5.0.202011040924/tools/bin/../lib/gcc/arm-none-eabi/7.3.1/thumb/v7e-m/fpv5/hard/crtbegin.o
                0x000000000800e754                PROVIDE (__init_array_end = .)

.fini_array     0x000000000800e754        0x4
                [!provide]                        PROVIDE (__fini_array_start = .)
 *(SORT_BY_NAME(.fini_array.*))
 *(.fini_array*)
 .fini_array    0x000000000800e754        0x4 c:/st/stm32cubeide_1.2.0/stm32cubeide/plugins/com.st.stm32cube.ide.mcu.externaltools.gnu-tools-for-stm32.7-2018-q2-update.win32_1.5.0.202011040924/tools/bin/../lib/gcc/arm-none-eabi/7.3.1/thumb/v7e-m/fpv5/hard/crtbegin.o
                [!provide]                        PROVIDE (__fini_array_end = .)
                0x000000000800e758                _sidata = LOADADDR (.data)

.data           0x0000000020000000       0x10 load address 0x000000000800e758
                0x0000000020000000                . = ALIGN (0x4)
                0x0000000020000000                _sdata = .
 *(.data)
 *(.data*)
 .data.SystemCoreClock
                0x0000000020000000        0x4 Common/Src/system_stm32h7xx_dualcore_boot_cm4_cm7.o
                0x0000000020000000                SystemCoreClock
 .data.SystemD2Clock
                0x0000000020000004        0x4 Common/Src/system_stm32h7xx_dualcore_boot_cm4_cm7.o
                0x0000000020000004                SystemD2Clock
 .data.uwTickPrio
                0x0000000020000008        0x4 Drivers/STM32H7xx_HAL_Driver/stm32h7xx_hal.o
                0x0000000020000008                uwTickPrio
 .data.uwTickFreq
                0x000000002000000c        0x1 Drivers/STM32H7xx_HAL_Driver/stm32h7xx_hal.o
                0x000000002000000c                uwTickFreq
                0x0000000020000010                . = ALIGN (0x4)
 *fill*         0x000000002000000d        0x3 
                0x0000000020000010                _edata = .

.igot.plt       0x0000000020000010        0x0 load address 0x000000000800e768
 .igot.plt      0x0000000020000010        0x0 c:/st/stm32cubeide_1.2.0/stm32cubeide/plugins/com.st.stm32cube.ide.mcu.externaltools.gnu-tools-for-stm32.7-2018-q2-update.win32_1.5.0.202011040924/tools/bin/../lib/gcc/arm-none-eabi/7.3.1/thumb/v7e-m/fpv5/hard/crtbegin.o

.RxDecripSection
                0x0000000020000010       0x60 load address 0x000000000800e768
 .RxDecripSection
                0x0000000020000010       0x60 Core/Src/main.o
                0x0000000020000010                DMARxDscrTab

.TxDecripSection
                0x0000000020000070       0x60 load address 0x000000000800e7c8
 .TxDecripSection
                0x0000000020000070       0x60 Core/Src/main.o
                0x0000000020000070                DMATxDscrTab
                0x00000000200000d0                . = ALIGN (0x4)

.bss            0x00000000200000d0      0xb08 load address 0x000000000800e828
                0x00000000200000d0                _sbss = .
                0x00000000200000d0                __bss_start__ = _sbss
 *(.bss)
 .bss           0x00000000200000d0       0x1c c:/st/stm32cubeide_1.2.0/stm32cubeide/plugins/com.st.stm32cube.ide.mcu.externaltools.gnu-tools-for-stm32.7-2018-q2-update.win32_1.5.0.202011040924/tools/bin/../lib/gcc/arm-none-eabi/7.3.1/thumb/v7e-m/fpv5/hard/crtbegin.o
 *(.bss*)
 .bss.HAL_RCC_ADC12_CLK_ENABLED
                0x00000000200000ec        0x4 Core/Src/stm32h7xx_hal_msp.o
 .bss.DFSDM1_Init
                0x00000000200000f0        0x4 Core/Src/stm32h7xx_hal_msp.o
 .bss.v_dfsdm1ChannelCounter
                0x00000000200000f4        0x4 Drivers/STM32H7xx_HAL_Driver/stm32h7xx_hal_dfsdm.o
 .bss.a_dfsdm1ChannelHandle
                0x00000000200000f8       0x20 Drivers/STM32H7xx_HAL_Driver/stm32h7xx_hal_dfsdm.o
 *(COMMON)
 COMMON         0x0000000020000118      0xabc Core/Src/main.o
                0x0000000020000118                hdfsdm1_channel1
                0x0000000020000150                huart7
                0x00000000200001dc                htim8
                0x0000000020000228                htim4
                0x0000000020000274                huart3
                0x0000000020000300                hadc2
                0x0000000020000364                hdfsdm1_channel4
                0x000000002000039c                hi2c2
                0x00000000200003e8                htim17
                0x0000000020000434                hdfsdm1_channel3
                0x000000002000046c                htim5
                0x00000000200004b8                hspi3
                0x0000000020000540                hsd2
                0x00000000200005c0                hltdc
                0x0000000020000668                huart5
                0x00000000200006f4                hadc1
                0x0000000020000758                hlptim2
                0x0000000020000790                hfdcan1
                0x0000000020000830                htim1
                0x000000002000087c                hcomp2
                0x00000000200008a8                huart8
                0x0000000020000934                hhrtim
                0x0000000020000a10                htim12
                0x0000000020000a5c                heth
                0x0000000020000acc                TxConfig
                0x0000000020000b00                htim16
                0x0000000020000b4c                hdfsdm1_channel2
                0x0000000020000b84                hsmbus3
 COMMON         0x0000000020000bd4        0x4 Drivers/STM32H7xx_HAL_Driver/stm32h7xx_hal.o
                0x0000000020000bd4                uwTick
                0x0000000020000bd8                . = ALIGN (0x4)
                0x0000000020000bd8                _ebss = .
                0x0000000020000bd8                __bss_end__ = _ebss

._user_heap_stack
                0x0000000020000bd8      0x600 load address 0x000000000800e828
                0x0000000020000bd8                . = ALIGN (0x8)
                [!provide]                        PROVIDE (end = .)
                0x0000000020000bd8                PROVIDE (_end = .)
                0x0000000020000dd8                . = (. + _Min_Heap_Size)
 *fill*         0x0000000020000bd8      0x200 
                0x00000000200011d8                . = (. + _Min_Stack_Size)
 *fill*         0x0000000020000dd8      0x400 
                0x00000000200011d8                . = ALIGN (0x8)

/DISCARD/
 libc.a(*)
 libm.a(*)
 libgcc.a(*)

.ARM.attributes
                0x0000000000000000       0x2e
 *(.ARM.attributes)
 .ARM.attributes
                0x0000000000000000       0x20 c:/st/stm32cubeide_1.2.0/stm32cubeide/plugins/com.st.stm32cube.ide.mcu.externaltools.gnu-tools-for-stm32.7-2018-q2-update.win32_1.5.0.202011040924/tools/bin/../lib/gcc/arm-none-eabi/7.3.1/thumb/v7e-m/fpv5/hard/crti.o
 .ARM.attributes
                0x0000000000000020       0x32 c:/st/stm32cubeide_1.2.0/stm32cubeide/plugins/com.st.stm32cube.ide.mcu.externaltools.gnu-tools-for-stm32.7-2018-q2-update.win32_1.5.0.202011040924/tools/bin/../lib/gcc/arm-none-eabi/7.3.1/thumb/v7e-m/fpv5/hard/crtbegin.o
 .ARM.attributes
                0x0000000000000052       0x37 Common/Src/system_stm32h7xx_dualcore_boot_cm4_cm7.o
 .ARM.attributes
                0x0000000000000089       0x37 Core/Src/main.o
 .ARM.attributes
                0x00000000000000c0       0x37 Core/Src/stm32h7xx_hal_msp.o
 .ARM.attributes
                0x00000000000000f7       0x37 Core/Src/stm32h7xx_it.o
 .ARM.attributes
                0x000000000000012e       0x21 Core/Startup/startup_stm32h745bitx.o
 .ARM.attributes
                0x000000000000014f       0x37 Drivers/STM32H7xx_HAL_Driver/stm32h7xx_hal.o
 .ARM.attributes
                0x0000000000000186       0x37 Drivers/STM32H7xx_HAL_Driver/stm32h7xx_hal_adc.o
 .ARM.attributes
                0x00000000000001bd       0x37 Drivers/STM32H7xx_HAL_Driver/stm32h7xx_hal_adc_ex.o
 .ARM.attributes
                0x00000000000001f4       0x37 Drivers/STM32H7xx_HAL_Driver/stm32h7xx_hal_comp.o
 .ARM.attributes
                0x000000000000022b       0x37 Drivers/STM32H7xx_HAL_Driver/stm32h7xx_hal_cortex.o
 .ARM.attributes
                0x0000000000000262       0x37 Drivers/STM32H7xx_HAL_Driver/stm32h7xx_hal_dfsdm.o
 .ARM.attributes
                0x0000000000000299       0x37 Drivers/STM32H7xx_HAL_Driver/stm32h7xx_hal_eth.o
 .ARM.attributes
                0x00000000000002d0       0x37 Drivers/STM32H7xx_HAL_Driver/stm32h7xx_hal_fdcan.o
 .ARM.attributes
                0x0000000000000307       0x37 Drivers/STM32H7xx_HAL_Driver/stm32h7xx_hal_gpio.o
 .ARM.attributes
                0x000000000000033e       0x37 Drivers/STM32H7xx_HAL_Driver/stm32h7xx_hal_hrtim.o
 .ARM.attributes
                0x0000000000000375       0x37 Drivers/STM32H7xx_HAL_Driver/stm32h7xx_hal_hsem.o
 .ARM.attributes
                0x00000000000003ac       0x37 Drivers/STM32H7xx_HAL_Driver/stm32h7xx_hal_i2c.o
 .ARM.attributes
                0x00000000000003e3       0x37 Drivers/STM32H7xx_HAL_Driver/stm32h7xx_hal_i2c_ex.o
 .ARM.attributes
                0x000000000000041a       0x37 Drivers/STM32H7xx_HAL_Driver/stm32h7xx_hal_lptim.o
 .ARM.attributes
                0x0000000000000451       0x37 Drivers/STM32H7xx_HAL_Driver/stm32h7xx_hal_ltdc.o
 .ARM.attributes
                0x0000000000000488       0x37 Drivers/STM32H7xx_HAL_Driver/stm32h7xx_hal_pwr_ex.o
 .ARM.attributes
                0x00000000000004bf       0x37 Drivers/STM32H7xx_HAL_Driver/stm32h7xx_hal_rcc.o
 .ARM.attributes
                0x00000000000004f6       0x37 Drivers/STM32H7xx_HAL_Driver/stm32h7xx_hal_rcc_ex.o
 .ARM.attributes
                0x000000000000052d       0x37 Drivers/STM32H7xx_HAL_Driver/stm32h7xx_hal_sd.o
 .ARM.attributes
                0x0000000000000564       0x37 Drivers/STM32H7xx_HAL_Driver/stm32h7xx_hal_smbus.o
 .ARM.attributes
                0x000000000000059b       0x37 Drivers/STM32H7xx_HAL_Driver/stm32h7xx_hal_spi.o
 .ARM.attributes
                0x00000000000005d2       0x37 Drivers/STM32H7xx_HAL_Driver/stm32h7xx_hal_tim.o
 .ARM.attributes
                0x0000000000000609       0x37 Drivers/STM32H7xx_HAL_Driver/stm32h7xx_hal_tim_ex.o
 .ARM.attributes
                0x0000000000000640       0x37 Drivers/STM32H7xx_HAL_Driver/stm32h7xx_hal_uart.o
 .ARM.attributes
                0x0000000000000677       0x37 Drivers/STM32H7xx_HAL_Driver/stm32h7xx_hal_uart_ex.o
 .ARM.attributes
                0x00000000000006ae       0x37 Drivers/STM32H7xx_HAL_Driver/stm32h7xx_ll_sdmmc.o
 .ARM.attributes
                0x00000000000006e5       0x32 c:/st/stm32cubeide_1.2.0/stm32cubeide/plugins/com.st.stm32cube.ide.mcu.externaltools.gnu-tools-for-stm32.7-2018-q2-update.win32_1.5.0.202011040924/tools/bin/../lib/gcc/arm-none-eabi/7.3.1/../../../../arm-none-eabi/lib/thumb/v7e-m/fpv5/hard\libc_nano.a(lib_a-init.o)
 .ARM.attributes
                0x0000000000000717       0x32 c:/st/stm32cubeide_1.2.0/stm32cubeide/plugins/com.st.stm32cube.ide.mcu.externaltools.gnu-tools-for-stm32.7-2018-q2-update.win32_1.5.0.202011040924/tools/bin/../lib/gcc/arm-none-eabi/7.3.1/../../../../arm-none-eabi/lib/thumb/v7e-m/fpv5/hard\libc_nano.a(lib_a-memcpy-stub.o)
 .ARM.attributes
                0x0000000000000749       0x32 c:/st/stm32cubeide_1.2.0/stm32cubeide/plugins/com.st.stm32cube.ide.mcu.externaltools.gnu-tools-for-stm32.7-2018-q2-update.win32_1.5.0.202011040924/tools/bin/../lib/gcc/arm-none-eabi/7.3.1/../../../../arm-none-eabi/lib/thumb/v7e-m/fpv5/hard\libc_nano.a(lib_a-memset.o)
 .ARM.attributes
                0x000000000000077b       0x20 c:/st/stm32cubeide_1.2.0/stm32cubeide/plugins/com.st.stm32cube.ide.mcu.externaltools.gnu-tools-for-stm32.7-2018-q2-update.win32_1.5.0.202011040924/tools/bin/../lib/gcc/arm-none-eabi/7.3.1/thumb/v7e-m/fpv5/hard\libgcc.a(_aeabi_uldivmod.o)
 .ARM.attributes
                0x000000000000079b       0x32 c:/st/stm32cubeide_1.2.0/stm32cubeide/plugins/com.st.stm32cube.ide.mcu.externaltools.gnu-tools-for-stm32.7-2018-q2-update.win32_1.5.0.202011040924/tools/bin/../lib/gcc/arm-none-eabi/7.3.1/thumb/v7e-m/fpv5/hard\libgcc.a(_udivmoddi4.o)
 .ARM.attributes
                0x00000000000007cd       0x20 c:/st/stm32cubeide_1.2.0/stm32cubeide/plugins/com.st.stm32cube.ide.mcu.externaltools.gnu-tools-for-stm32.7-2018-q2-update.win32_1.5.0.202011040924/tools/bin/../lib/gcc/arm-none-eabi/7.3.1/thumb/v7e-m/fpv5/hard\libgcc.a(_dvmd_tls.o)
 .ARM.attributes
                0x00000000000007ed       0x20 c:/st/stm32cubeide_1.2.0/stm32cubeide/plugins/com.st.stm32cube.ide.mcu.externaltools.gnu-tools-for-stm32.7-2018-q2-update.win32_1.5.0.202011040924/tools/bin/../lib/gcc/arm-none-eabi/7.3.1/thumb/v7e-m/fpv5/hard/crtn.o
OUTPUT(PELabaRack_CM7.elf elf32-littlearm)

.debug_info     0x0000000000000000    0x42136
 .debug_info    0x0000000000000000     0x16d1 Common/Src/system_stm32h7xx_dualcore_boot_cm4_cm7.o
 .debug_info    0x00000000000016d1     0x5ce1 Core/Src/main.o
 .debug_info    0x00000000000073b2     0x578c Core/Src/stm32h7xx_hal_msp.o
 .debug_info    0x000000000000cb3e      0xb72 Core/Src/stm32h7xx_it.o
 .debug_info    0x000000000000d6b0       0x22 Core/Startup/startup_stm32h745bitx.o
 .debug_info    0x000000000000d6d2     0x206b Drivers/STM32H7xx_HAL_Driver/stm32h7xx_hal.o
 .debug_info    0x000000000000f73d     0x260d Drivers/STM32H7xx_HAL_Driver/stm32h7xx_hal_adc.o
 .debug_info    0x0000000000011d4a     0x26ee Drivers/STM32H7xx_HAL_Driver/stm32h7xx_hal_adc_ex.o
 .debug_info    0x0000000000014438     0x1243 Drivers/STM32H7xx_HAL_Driver/stm32h7xx_hal_comp.o
 .debug_info    0x000000000001567b     0x1ace Drivers/STM32H7xx_HAL_Driver/stm32h7xx_hal_cortex.o
 .debug_info    0x0000000000017149     0x25d1 Drivers/STM32H7xx_HAL_Driver/stm32h7xx_hal_dfsdm.o
 .debug_info    0x000000000001971a     0x2f12 Drivers/STM32H7xx_HAL_Driver/stm32h7xx_hal_eth.o
 .debug_info    0x000000000001c62c     0x341b Drivers/STM32H7xx_HAL_Driver/stm32h7xx_hal_fdcan.o
 .debug_info    0x000000000001fa47     0x1712 Drivers/STM32H7xx_HAL_Driver/stm32h7xx_hal_gpio.o
 .debug_info    0x0000000000021159     0x3fd5 Drivers/STM32H7xx_HAL_Driver/stm32h7xx_hal_hrtim.o
 .debug_info    0x000000000002512e      0xdfe Drivers/STM32H7xx_HAL_Driver/stm32h7xx_hal_hsem.o
 .debug_info    0x0000000000025f2c     0x2ab5 Drivers/STM32H7xx_HAL_Driver/stm32h7xx_hal_i2c.o
 .debug_info    0x00000000000289e1     0x173a Drivers/STM32H7xx_HAL_Driver/stm32h7xx_hal_i2c_ex.o
 .debug_info    0x000000000002a11b     0x19a8 Drivers/STM32H7xx_HAL_Driver/stm32h7xx_hal_lptim.o
 .debug_info    0x000000000002bac3     0x1a47 Drivers/STM32H7xx_HAL_Driver/stm32h7xx_hal_ltdc.o
 .debug_info    0x000000000002d50a     0x1b47 Drivers/STM32H7xx_HAL_Driver/stm32h7xx_hal_pwr_ex.o
 .debug_info    0x000000000002f051     0x17c4 Drivers/STM32H7xx_HAL_Driver/stm32h7xx_hal_rcc.o
 .debug_info    0x0000000000030815     0x1c09 Drivers/STM32H7xx_HAL_Driver/stm32h7xx_hal_rcc_ex.o
 .debug_info    0x000000000003241e     0x21e1 Drivers/STM32H7xx_HAL_Driver/stm32h7xx_hal_sd.o
 .debug_info    0x00000000000345ff     0x15b0 Drivers/STM32H7xx_HAL_Driver/stm32h7xx_hal_smbus.o
 .debug_info    0x0000000000035baf     0x1dc6 Drivers/STM32H7xx_HAL_Driver/stm32h7xx_hal_spi.o
 .debug_info    0x0000000000037975     0x334d Drivers/STM32H7xx_HAL_Driver/stm32h7xx_hal_tim.o
 .debug_info    0x000000000003acc2     0x1fa3 Drivers/STM32H7xx_HAL_Driver/stm32h7xx_hal_tim_ex.o
 .debug_info    0x000000000003cc65     0x24aa Drivers/STM32H7xx_HAL_Driver/stm32h7xx_hal_uart.o
 .debug_info    0x000000000003f10f     0x14a9 Drivers/STM32H7xx_HAL_Driver/stm32h7xx_hal_uart_ex.o
 .debug_info    0x00000000000405b8     0x1b7e Drivers/STM32H7xx_HAL_Driver/stm32h7xx_ll_sdmmc.o

.debug_abbrev   0x0000000000000000     0x518c
 .debug_abbrev  0x0000000000000000      0x22e Common/Src/system_stm32h7xx_dualcore_boot_cm4_cm7.o
 .debug_abbrev  0x000000000000022e      0x2c7 Core/Src/main.o
 .debug_abbrev  0x00000000000004f5      0x298 Core/Src/stm32h7xx_hal_msp.o
 .debug_abbrev  0x000000000000078d      0x1c9 Core/Src/stm32h7xx_it.o
 .debug_abbrev  0x0000000000000956       0x12 Core/Startup/startup_stm32h745bitx.o
 .debug_abbrev  0x0000000000000968      0x2d9 Drivers/STM32H7xx_HAL_Driver/stm32h7xx_hal.o
 .debug_abbrev  0x0000000000000c41      0x2c8 Drivers/STM32H7xx_HAL_Driver/stm32h7xx_hal_adc.o
 .debug_abbrev  0x0000000000000f09      0x306 Drivers/STM32H7xx_HAL_Driver/stm32h7xx_hal_adc_ex.o
 .debug_abbrev  0x000000000000120f      0x253 Drivers/STM32H7xx_HAL_Driver/stm32h7xx_hal_comp.o
 .debug_abbrev  0x0000000000001462      0x3b5 Drivers/STM32H7xx_HAL_Driver/stm32h7xx_hal_cortex.o
 .debug_abbrev  0x0000000000001817      0x2b7 Drivers/STM32H7xx_HAL_Driver/stm32h7xx_hal_dfsdm.o
 .debug_abbrev  0x0000000000001ace      0x2e2 Drivers/STM32H7xx_HAL_Driver/stm32h7xx_hal_eth.o
 .debug_abbrev  0x0000000000001db0      0x2f3 Drivers/STM32H7xx_HAL_Driver/stm32h7xx_hal_fdcan.o
 .debug_abbrev  0x00000000000020a3      0x28f Drivers/STM32H7xx_HAL_Driver/stm32h7xx_hal_gpio.o
 .debug_abbrev  0x0000000000002332      0x2c2 Drivers/STM32H7xx_HAL_Driver/stm32h7xx_hal_hrtim.o
 .debug_abbrev  0x00000000000025f4      0x2ab Drivers/STM32H7xx_HAL_Driver/stm32h7xx_hal_hsem.o
 .debug_abbrev  0x000000000000289f      0x2ac Drivers/STM32H7xx_HAL_Driver/stm32h7xx_hal_i2c.o
 .debug_abbrev  0x0000000000002b4b      0x266 Drivers/STM32H7xx_HAL_Driver/stm32h7xx_hal_i2c_ex.o
 .debug_abbrev  0x0000000000002db1      0x2c7 Drivers/STM32H7xx_HAL_Driver/stm32h7xx_hal_lptim.o
 .debug_abbrev  0x0000000000003078      0x2ad Drivers/STM32H7xx_HAL_Driver/stm32h7xx_hal_ltdc.o
 .debug_abbrev  0x0000000000003325      0x33a Drivers/STM32H7xx_HAL_Driver/stm32h7xx_hal_pwr_ex.o
 .debug_abbrev  0x000000000000365f      0x2e2 Drivers/STM32H7xx_HAL_Driver/stm32h7xx_hal_rcc.o
 .debug_abbrev  0x0000000000003941      0x2db Drivers/STM32H7xx_HAL_Driver/stm32h7xx_hal_rcc_ex.o
 .debug_abbrev  0x0000000000003c1c      0x2bf Drivers/STM32H7xx_HAL_Driver/stm32h7xx_hal_sd.o
 .debug_abbrev  0x0000000000003edb      0x2ac Drivers/STM32H7xx_HAL_Driver/stm32h7xx_hal_smbus.o
 .debug_abbrev  0x0000000000004187      0x2d5 Drivers/STM32H7xx_HAL_Driver/stm32h7xx_hal_spi.o
 .debug_abbrev  0x000000000000445c      0x2bd Drivers/STM32H7xx_HAL_Driver/stm32h7xx_hal_tim.o
 .debug_abbrev  0x0000000000004719      0x2c3 Drivers/STM32H7xx_HAL_Driver/stm32h7xx_hal_tim_ex.o
 .debug_abbrev  0x00000000000049dc      0x2bb Drivers/STM32H7xx_HAL_Driver/stm32h7xx_hal_uart.o
 .debug_abbrev  0x0000000000004c97      0x26f Drivers/STM32H7xx_HAL_Driver/stm32h7xx_hal_uart_ex.o
 .debug_abbrev  0x0000000000004f06      0x286 Drivers/STM32H7xx_HAL_Driver/stm32h7xx_ll_sdmmc.o

.debug_aranges  0x0000000000000000     0x2d20
 .debug_aranges
                0x0000000000000000       0x28 Common/Src/system_stm32h7xx_dualcore_boot_cm4_cm7.o
 .debug_aranges
                0x0000000000000028      0x100 Core/Src/main.o
 .debug_aranges
                0x0000000000000128      0x130 Core/Src/stm32h7xx_hal_msp.o
 .debug_aranges
                0x0000000000000258       0x60 Core/Src/stm32h7xx_it.o
 .debug_aranges
                0x00000000000002b8       0x28 Core/Startup/startup_stm32h745bitx.o
 .debug_aranges
                0x00000000000002e0      0x220 Drivers/STM32H7xx_HAL_Driver/stm32h7xx_hal.o
 .debug_aranges
                0x0000000000000500      0x228 Drivers/STM32H7xx_HAL_Driver/stm32h7xx_hal_adc.o
 .debug_aranges
                0x0000000000000728      0x1d8 Drivers/STM32H7xx_HAL_Driver/stm32h7xx_hal_adc_ex.o
 .debug_aranges
                0x0000000000000900       0x88 Drivers/STM32H7xx_HAL_Driver/stm32h7xx_hal_comp.o
 .debug_aranges
                0x0000000000000988      0x120 Drivers/STM32H7xx_HAL_Driver/stm32h7xx_hal_cortex.o
 .debug_aranges
                0x0000000000000aa8      0x248 Drivers/STM32H7xx_HAL_Driver/stm32h7xx_hal_dfsdm.o
 .debug_aranges
                0x0000000000000cf0      0x1b0 Drivers/STM32H7xx_HAL_Driver/stm32h7xx_hal_eth.o
 .debug_aranges
                0x0000000000000ea0      0x338 Drivers/STM32H7xx_HAL_Driver/stm32h7xx_hal_fdcan.o
 .debug_aranges
                0x00000000000011d8       0x58 Drivers/STM32H7xx_HAL_Driver/stm32h7xx_hal_gpio.o
 .debug_aranges
                0x0000000000001230      0x3e8 Drivers/STM32H7xx_HAL_Driver/stm32h7xx_hal_hrtim.o
 .debug_aranges
                0x0000000000001618       0x70 Drivers/STM32H7xx_HAL_Driver/stm32h7xx_hal_hsem.o
 .debug_aranges
                0x0000000000001688      0x290 Drivers/STM32H7xx_HAL_Driver/stm32h7xx_hal_i2c.o
 .debug_aranges
                0x0000000000001918       0x48 Drivers/STM32H7xx_HAL_Driver/stm32h7xx_hal_i2c_ex.o
 .debug_aranges
                0x0000000000001960      0x168 Drivers/STM32H7xx_HAL_Driver/stm32h7xx_hal_lptim.o
 .debug_aranges
                0x0000000000001ac8      0x158 Drivers/STM32H7xx_HAL_Driver/stm32h7xx_hal_ltdc.o
 .debug_aranges
                0x0000000000001c20      0x170 Drivers/STM32H7xx_HAL_Driver/stm32h7xx_hal_pwr_ex.o
 .debug_aranges
                0x0000000000001d90       0x88 Drivers/STM32H7xx_HAL_Driver/stm32h7xx_hal_rcc.o
 .debug_aranges
                0x0000000000001e18      0x100 Drivers/STM32H7xx_HAL_Driver/stm32h7xx_hal_rcc_ex.o
 .debug_aranges
                0x0000000000001f18      0x188 Drivers/STM32H7xx_HAL_Driver/stm32h7xx_hal_sd.o
 .debug_aranges
                0x00000000000020a0      0x130 Drivers/STM32H7xx_HAL_Driver/stm32h7xx_hal_smbus.o
 .debug_aranges
                0x00000000000021d0      0x1a0 Drivers/STM32H7xx_HAL_Driver/stm32h7xx_hal_spi.o
 .debug_aranges
                0x0000000000002370      0x3e0 Drivers/STM32H7xx_HAL_Driver/stm32h7xx_hal_tim.o
 .debug_aranges
                0x0000000000002750      0x188 Drivers/STM32H7xx_HAL_Driver/stm32h7xx_hal_tim_ex.o
 .debug_aranges
                0x00000000000028d8      0x230 Drivers/STM32H7xx_HAL_Driver/stm32h7xx_hal_uart.o
 .debug_aranges
                0x0000000000002b08       0x88 Drivers/STM32H7xx_HAL_Driver/stm32h7xx_hal_uart_ex.o
 .debug_aranges
                0x0000000000002b90      0x190 Drivers/STM32H7xx_HAL_Driver/stm32h7xx_ll_sdmmc.o

.debug_ranges   0x0000000000000000     0x2b38
 .debug_ranges  0x0000000000000000       0x18 Common/Src/system_stm32h7xx_dualcore_boot_cm4_cm7.o
 .debug_ranges  0x0000000000000018       0xf0 Core/Src/main.o
 .debug_ranges  0x0000000000000108      0x120 Core/Src/stm32h7xx_hal_msp.o
 .debug_ranges  0x0000000000000228       0x50 Core/Src/stm32h7xx_it.o
 .debug_ranges  0x0000000000000278       0x20 Core/Startup/startup_stm32h745bitx.o
 .debug_ranges  0x0000000000000298      0x210 Drivers/STM32H7xx_HAL_Driver/stm32h7xx_hal.o
 .debug_ranges  0x00000000000004a8      0x218 Drivers/STM32H7xx_HAL_Driver/stm32h7xx_hal_adc.o
 .debug_ranges  0x00000000000006c0      0x1c8 Drivers/STM32H7xx_HAL_Driver/stm32h7xx_hal_adc_ex.o
 .debug_ranges  0x0000000000000888       0x78 Drivers/STM32H7xx_HAL_Driver/stm32h7xx_hal_comp.o
 .debug_ranges  0x0000000000000900      0x110 Drivers/STM32H7xx_HAL_Driver/stm32h7xx_hal_cortex.o
 .debug_ranges  0x0000000000000a10      0x238 Drivers/STM32H7xx_HAL_Driver/stm32h7xx_hal_dfsdm.o
 .debug_ranges  0x0000000000000c48      0x1a0 Drivers/STM32H7xx_HAL_Driver/stm32h7xx_hal_eth.o
 .debug_ranges  0x0000000000000de8      0x328 Drivers/STM32H7xx_HAL_Driver/stm32h7xx_hal_fdcan.o
 .debug_ranges  0x0000000000001110       0x48 Drivers/STM32H7xx_HAL_Driver/stm32h7xx_hal_gpio.o
 .debug_ranges  0x0000000000001158      0x3d8 Drivers/STM32H7xx_HAL_Driver/stm32h7xx_hal_hrtim.o
 .debug_ranges  0x0000000000001530       0x60 Drivers/STM32H7xx_HAL_Driver/stm32h7xx_hal_hsem.o
 .debug_ranges  0x0000000000001590      0x280 Drivers/STM32H7xx_HAL_Driver/stm32h7xx_hal_i2c.o
 .debug_ranges  0x0000000000001810       0x38 Drivers/STM32H7xx_HAL_Driver/stm32h7xx_hal_i2c_ex.o
 .debug_ranges  0x0000000000001848      0x158 Drivers/STM32H7xx_HAL_Driver/stm32h7xx_hal_lptim.o
 .debug_ranges  0x00000000000019a0      0x148 Drivers/STM32H7xx_HAL_Driver/stm32h7xx_hal_ltdc.o
 .debug_ranges  0x0000000000001ae8      0x160 Drivers/STM32H7xx_HAL_Driver/stm32h7xx_hal_pwr_ex.o
 .debug_ranges  0x0000000000001c48       0x78 Drivers/STM32H7xx_HAL_Driver/stm32h7xx_hal_rcc.o
 .debug_ranges  0x0000000000001cc0       0xf0 Drivers/STM32H7xx_HAL_Driver/stm32h7xx_hal_rcc_ex.o
 .debug_ranges  0x0000000000001db0      0x178 Drivers/STM32H7xx_HAL_Driver/stm32h7xx_hal_sd.o
 .debug_ranges  0x0000000000001f28      0x120 Drivers/STM32H7xx_HAL_Driver/stm32h7xx_hal_smbus.o
 .debug_ranges  0x0000000000002048      0x190 Drivers/STM32H7xx_HAL_Driver/stm32h7xx_hal_spi.o
 .debug_ranges  0x00000000000021d8      0x3d0 Drivers/STM32H7xx_HAL_Driver/stm32h7xx_hal_tim.o
 .debug_ranges  0x00000000000025a8      0x178 Drivers/STM32H7xx_HAL_Driver/stm32h7xx_hal_tim_ex.o
 .debug_ranges  0x0000000000002720      0x220 Drivers/STM32H7xx_HAL_Driver/stm32h7xx_hal_uart.o
 .debug_ranges  0x0000000000002940       0x78 Drivers/STM32H7xx_HAL_Driver/stm32h7xx_hal_uart_ex.o
 .debug_ranges  0x00000000000029b8      0x180 Drivers/STM32H7xx_HAL_Driver/stm32h7xx_ll_sdmmc.o

.debug_macro    0x0000000000000000    0x43e56
 .debug_macro   0x0000000000000000      0x375 Common/Src/system_stm32h7xx_dualcore_boot_cm4_cm7.o
 .debug_macro   0x0000000000000375      0xa6c Common/Src/system_stm32h7xx_dualcore_boot_cm4_cm7.o
 .debug_macro   0x0000000000000de1       0x2e Common/Src/system_stm32h7xx_dualcore_boot_cm4_cm7.o
 .debug_macro   0x0000000000000e0f       0x49 Common/Src/system_stm32h7xx_dualcore_boot_cm4_cm7.o
 .debug_macro   0x0000000000000e58       0x22 Common/Src/system_stm32h7xx_dualcore_boot_cm4_cm7.o
 .debug_macro   0x0000000000000e7a       0x8e Common/Src/system_stm32h7xx_dualcore_boot_cm4_cm7.o
 .debug_macro   0x0000000000000f08       0x51 Common/Src/system_stm32h7xx_dualcore_boot_cm4_cm7.o
 .debug_macro   0x0000000000000f59       0xef Common/Src/system_stm32h7xx_dualcore_boot_cm4_cm7.o
 .debug_macro   0x0000000000001048       0x6a Common/Src/system_stm32h7xx_dualcore_boot_cm4_cm7.o
 .debug_macro   0x00000000000010b2      0x1df Common/Src/system_stm32h7xx_dualcore_boot_cm4_cm7.o
 .debug_macro   0x0000000000001291       0x1c Common/Src/system_stm32h7xx_dualcore_boot_cm4_cm7.o
 .debug_macro   0x00000000000012ad       0x22 Common/Src/system_stm32h7xx_dualcore_boot_cm4_cm7.o
 .debug_macro   0x00000000000012cf       0xdf Common/Src/system_stm32h7xx_dualcore_boot_cm4_cm7.o
 .debug_macro   0x00000000000013ae     0x12cd Common/Src/system_stm32h7xx_dualcore_boot_cm4_cm7.o
 .debug_macro   0x000000000000267b      0x11f Common/Src/system_stm32h7xx_dualcore_boot_cm4_cm7.o
 .debug_macro   0x000000000000279a       0x19 Common/Src/system_stm32h7xx_dualcore_boot_cm4_cm7.o
 .debug_macro   0x00000000000027b3    0x26850 Common/Src/system_stm32h7xx_dualcore_boot_cm4_cm7.o
 .debug_macro   0x0000000000029003       0x43 Common/Src/system_stm32h7xx_dualcore_boot_cm4_cm7.o
 .debug_macro   0x0000000000029046      0x27a Common/Src/system_stm32h7xx_dualcore_boot_cm4_cm7.o
 .debug_macro   0x00000000000292c0     0x3cd3 Common/Src/system_stm32h7xx_dualcore_boot_cm4_cm7.o
 .debug_macro   0x000000000002cf93      0x174 Common/Src/system_stm32h7xx_dualcore_boot_cm4_cm7.o
 .debug_macro   0x000000000002d107       0x46 Common/Src/system_stm32h7xx_dualcore_boot_cm4_cm7.o
 .debug_macro   0x000000000002d14d       0x17 Common/Src/system_stm32h7xx_dualcore_boot_cm4_cm7.o
 .debug_macro   0x000000000002d164       0x3c Common/Src/system_stm32h7xx_dualcore_boot_cm4_cm7.o
 .debug_macro   0x000000000002d1a0       0x34 Common/Src/system_stm32h7xx_dualcore_boot_cm4_cm7.o
 .debug_macro   0x000000000002d1d4       0x52 Common/Src/system_stm32h7xx_dualcore_boot_cm4_cm7.o
 .debug_macro   0x000000000002d226       0x1f Common/Src/system_stm32h7xx_dualcore_boot_cm4_cm7.o
 .debug_macro   0x000000000002d245       0x43 Common/Src/system_stm32h7xx_dualcore_boot_cm4_cm7.o
 .debug_macro   0x000000000002d288       0x20 Common/Src/system_stm32h7xx_dualcore_boot_cm4_cm7.o
 .debug_macro   0x000000000002d2a8      0x1a3 Common/Src/system_stm32h7xx_dualcore_boot_cm4_cm7.o
 .debug_macro   0x000000000002d44b      0x32a Common/Src/system_stm32h7xx_dualcore_boot_cm4_cm7.o
 .debug_macro   0x000000000002d775      0x1e1 Common/Src/system_stm32h7xx_dualcore_boot_cm4_cm7.o
 .debug_macro   0x000000000002d956       0x54 Common/Src/system_stm32h7xx_dualcore_boot_cm4_cm7.o
 .debug_macro   0x000000000002d9aa     0x3a9d Common/Src/system_stm32h7xx_dualcore_boot_cm4_cm7.o
 .debug_macro   0x0000000000031447     0x104f Common/Src/system_stm32h7xx_dualcore_boot_cm4_cm7.o
 .debug_macro   0x0000000000032496      0x138 Common/Src/system_stm32h7xx_dualcore_boot_cm4_cm7.o
 .debug_macro   0x00000000000325ce      0x133 Common/Src/system_stm32h7xx_dualcore_boot_cm4_cm7.o
 .debug_macro   0x0000000000032701      0x3be Common/Src/system_stm32h7xx_dualcore_boot_cm4_cm7.o
 .debug_macro   0x0000000000032abf       0x27 Common/Src/system_stm32h7xx_dualcore_boot_cm4_cm7.o
 .debug_macro   0x0000000000032ae6      0x72d Common/Src/system_stm32h7xx_dualcore_boot_cm4_cm7.o
 .debug_macro   0x0000000000033213      0x229 Common/Src/system_stm32h7xx_dualcore_boot_cm4_cm7.o
 .debug_macro   0x000000000003343c       0x66 Common/Src/system_stm32h7xx_dualcore_boot_cm4_cm7.o
 .debug_macro   0x00000000000334a2      0x3bb Common/Src/system_stm32h7xx_dualcore_boot_cm4_cm7.o
 .debug_macro   0x000000000003385d      0x2c6 Common/Src/system_stm32h7xx_dualcore_boot_cm4_cm7.o
 .debug_macro   0x0000000000033b23      0xa6e Common/Src/system_stm32h7xx_dualcore_boot_cm4_cm7.o
 .debug_macro   0x0000000000034591      0x129 Common/Src/system_stm32h7xx_dualcore_boot_cm4_cm7.o
 .debug_macro   0x00000000000346ba      0x408 Common/Src/system_stm32h7xx_dualcore_boot_cm4_cm7.o
 .debug_macro   0x0000000000034ac2      0x27c Common/Src/system_stm32h7xx_dualcore_boot_cm4_cm7.o
 .debug_macro   0x0000000000034d3e     0x1036 Common/Src/system_stm32h7xx_dualcore_boot_cm4_cm7.o
 .debug_macro   0x0000000000035d74      0x6c5 Common/Src/system_stm32h7xx_dualcore_boot_cm4_cm7.o
 .debug_macro   0x0000000000036439      0x36e Common/Src/system_stm32h7xx_dualcore_boot_cm4_cm7.o
 .debug_macro   0x00000000000367a7      0xe34 Common/Src/system_stm32h7xx_dualcore_boot_cm4_cm7.o
 .debug_macro   0x00000000000375db      0x343 Common/Src/system_stm32h7xx_dualcore_boot_cm4_cm7.o
 .debug_macro   0x000000000003791e      0x3cb Common/Src/system_stm32h7xx_dualcore_boot_cm4_cm7.o
 .debug_macro   0x0000000000037ce9      0x4b7 Common/Src/system_stm32h7xx_dualcore_boot_cm4_cm7.o
 .debug_macro   0x00000000000381a0       0x51 Common/Src/system_stm32h7xx_dualcore_boot_cm4_cm7.o
 .debug_macro   0x00000000000381f1     0x161a Common/Src/system_stm32h7xx_dualcore_boot_cm4_cm7.o
 .debug_macro   0x000000000003980b       0x4a Common/Src/system_stm32h7xx_dualcore_boot_cm4_cm7.o
 .debug_macro   0x0000000000039855      0x22c Common/Src/system_stm32h7xx_dualcore_boot_cm4_cm7.o
 .debug_macro   0x0000000000039a81       0x64 Common/Src/system_stm32h7xx_dualcore_boot_cm4_cm7.o
 .debug_macro   0x0000000000039ae5       0xa5 Common/Src/system_stm32h7xx_dualcore_boot_cm4_cm7.o
 .debug_macro   0x0000000000039b8a      0x295 Common/Src/system_stm32h7xx_dualcore_boot_cm4_cm7.o
 .debug_macro   0x0000000000039e1f      0x198 Common/Src/system_stm32h7xx_dualcore_boot_cm4_cm7.o
 .debug_macro   0x0000000000039fb7       0xd6 Common/Src/system_stm32h7xx_dualcore_boot_cm4_cm7.o
 .debug_macro   0x000000000003a08d      0x219 Common/Src/system_stm32h7xx_dualcore_boot_cm4_cm7.o
 .debug_macro   0x000000000003a2a6      0x2eb Common/Src/system_stm32h7xx_dualcore_boot_cm4_cm7.o
 .debug_macro   0x000000000003a591       0x35 Common/Src/system_stm32h7xx_dualcore_boot_cm4_cm7.o
 .debug_macro   0x000000000003a5c6      0x814 Common/Src/system_stm32h7xx_dualcore_boot_cm4_cm7.o
 .debug_macro   0x000000000003adda       0x16 Common/Src/system_stm32h7xx_dualcore_boot_cm4_cm7.o
 .debug_macro   0x000000000003adf0      0x1ce Common/Src/system_stm32h7xx_dualcore_boot_cm4_cm7.o
 .debug_macro   0x000000000003afbe      0x5dd Common/Src/system_stm32h7xx_dualcore_boot_cm4_cm7.o
 .debug_macro   0x000000000003b59b       0x9e Common/Src/system_stm32h7xx_dualcore_boot_cm4_cm7.o
 .debug_macro   0x000000000003b639      0xad7 Common/Src/system_stm32h7xx_dualcore_boot_cm4_cm7.o
 .debug_macro   0x000000000003c110      0x2a0 Common/Src/system_stm32h7xx_dualcore_boot_cm4_cm7.o
 .debug_macro   0x000000000003c3b0      0x662 Common/Src/system_stm32h7xx_dualcore_boot_cm4_cm7.o
 .debug_macro   0x000000000003ca12       0xa6 Common/Src/system_stm32h7xx_dualcore_boot_cm4_cm7.o
 .debug_macro   0x000000000003cab8      0x35a Common/Src/system_stm32h7xx_dualcore_boot_cm4_cm7.o
 .debug_macro   0x000000000003ce12      0x798 Common/Src/system_stm32h7xx_dualcore_boot_cm4_cm7.o
 .debug_macro   0x000000000003d5aa      0x3b4 Core/Src/main.o
 .debug_macro   0x000000000003d95e       0x10 Core/Src/main.o
 .debug_macro   0x000000000003d96e       0x16 Core/Src/main.o
 .debug_macro   0x000000000003d984       0x35 Core/Src/main.o
 .debug_macro   0x000000000003d9b9       0x20 Core/Src/main.o
 .debug_macro   0x000000000003d9d9      0x37e Core/Src/stm32h7xx_hal_msp.o
 .debug_macro   0x000000000003dd57      0x388 Core/Src/stm32h7xx_it.o
 .debug_macro   0x000000000003e0df      0x399 Drivers/STM32H7xx_HAL_Driver/stm32h7xx_hal.o
 .debug_macro   0x000000000003e478      0x393 Drivers/STM32H7xx_HAL_Driver/stm32h7xx_hal_adc.o
 .debug_macro   0x000000000003e80b      0x37b Drivers/STM32H7xx_HAL_Driver/stm32h7xx_hal_adc_ex.o
 .debug_macro   0x000000000003eb86      0x37e Drivers/STM32H7xx_HAL_Driver/stm32h7xx_hal_comp.o
 .debug_macro   0x000000000003ef04      0x36f Drivers/STM32H7xx_HAL_Driver/stm32h7xx_hal_cortex.o
 .debug_macro   0x000000000003f273      0x393 Drivers/STM32H7xx_HAL_Driver/stm32h7xx_hal_dfsdm.o
 .debug_macro   0x000000000003f606      0x3fc Drivers/STM32H7xx_HAL_Driver/stm32h7xx_hal_eth.o
 .debug_macro   0x000000000003fa02      0x434 Drivers/STM32H7xx_HAL_Driver/stm32h7xx_hal_fdcan.o
 .debug_macro   0x000000000003fe36      0x3b9 Drivers/STM32H7xx_HAL_Driver/stm32h7xx_hal_gpio.o
 .debug_macro   0x00000000000401ef      0x38c Drivers/STM32H7xx_HAL_Driver/stm32h7xx_hal_hrtim.o
 .debug_macro   0x000000000004057b      0x381 Drivers/STM32H7xx_HAL_Driver/stm32h7xx_hal_hsem.o
 .debug_macro   0x00000000000408fc      0x434 Drivers/STM32H7xx_HAL_Driver/stm32h7xx_hal_i2c.o
 .debug_macro   0x0000000000040d30      0x36f Drivers/STM32H7xx_HAL_Driver/stm32h7xx_hal_i2c_ex.o
 .debug_macro   0x000000000004109f      0x377 Drivers/STM32H7xx_HAL_Driver/stm32h7xx_hal_lptim.o
 .debug_macro   0x0000000000041416      0x370 Drivers/STM32H7xx_HAL_Driver/stm32h7xx_hal_ltdc.o
 .debug_macro   0x0000000000041786      0x3a8 Drivers/STM32H7xx_HAL_Driver/stm32h7xx_hal_pwr_ex.o
 .debug_macro   0x0000000000041b2e      0x393 Drivers/STM32H7xx_HAL_Driver/stm32h7xx_hal_rcc.o
 .debug_macro   0x0000000000041ec1      0x38d Drivers/STM32H7xx_HAL_Driver/stm32h7xx_hal_rcc_ex.o
 .debug_macro   0x000000000004224e      0x377 Drivers/STM32H7xx_HAL_Driver/stm32h7xx_hal_sd.o
 .debug_macro   0x00000000000425c5      0x3b6 Drivers/STM32H7xx_HAL_Driver/stm32h7xx_hal_smbus.o
 .debug_macro   0x000000000004297b      0x377 Drivers/STM32H7xx_HAL_Driver/stm32h7xx_hal_spi.o
 .debug_macro   0x0000000000042cf2      0x370 Drivers/STM32H7xx_HAL_Driver/stm32h7xx_hal_tim.o
 .debug_macro   0x0000000000043062      0x36f Drivers/STM32H7xx_HAL_Driver/stm32h7xx_hal_tim_ex.o