main.c:155:5:main	16	static
main.c:252:6:SystemClock_Config	312	static
main.c:350:13:MX_ADC1_Init	48	static
main.c:415:13:MX_ADC2_Init	40	static
main.c:472:13:MX_COMP2_Init	8	static
main.c:506:13:MX_DFSDM1_Init	8	static
main.c:595:13:MX_ETH_Init	8	static
main.c:641:13:MX_FDCAN1_Init	8	static
main.c:694:13:MX_HRTIM_Init	144	static
main.c:854:13:MX_I2C2_Init	8	static
main.c:900:13:MX_I2C3_SMBUS_Init	8	static
main.c:944:13:MX_LPTIM2_Init	8	static
main.c:980:13:MX_LTDC_Init	112	static
main.c:1062:13:MX_SDMMC2_SD_Init	8	static
main.c:1094:13:MX_SPI3_Init	8	static
main.c:1142:13:MX_TIM1_Init	96	static
main.c:1220:13:MX_TIM4_Init	88	static
main.c:1298:13:MX_TIM5_Init	56	static
main.c:1362:13:MX_TIM8_Init	96	static
main.c:1444:13:MX_TIM12_Init	40	static
main.c:1490:13:MX_TIM16_Init	80	static
main.c:1553:13:MX_TIM17_Init	80	static
main.c:1616:13:MX_UART5_Init	8	static
main.c:1664:13:MX_UART7_Init	8	static
main.c:1712:13:MX_UART8_Init	8	static
main.c:1760:13:MX_USART3_UART_Init	8	static
main.c:1808:13:MX_USB_OTG_HS_USB_Init	4	static
main.c:1829:13:MX_GPIO_Init	72	static
main.c:1881:6:Error_Handler	4	static
