stm32h7xx_hal_msp.c:68:6:HAL_MspInit	16	static
stm32h7xx_hal_msp.c:91:6:HAL_ADC_MspInit	56	static
stm32h7xx_hal_msp.c:153:6:HAL_ADC_MspDeInit	16	static
stm32h7xx_hal_msp.c:206:6:HAL_COMP_MspInit	48	static
stm32h7xx_hal_msp.c:239:6:HAL_COMP_MspDeInit	16	static
stm32h7xx_hal_msp.c:268:6:HAL_DFSDM_ChannelMspInit	48	static
stm32h7xx_hal_msp.c:314:6:HAL_DFSDM_ChannelMspDeInit	16	static
stm32h7xx_hal_msp.c:347:6:HAL_ETH_MspInit	64	static
stm32h7xx_hal_msp.c:408:6:HAL_ETH_MspDeInit	16	static
stm32h7xx_hal_msp.c:450:6:HAL_FDCAN_MspInit	48	static
stm32h7xx_hal_msp.c:486:6:HAL_FDCAN_MspDeInit	16	static
stm32h7xx_hal_msp.c:515:6:HAL_HRTIM_MspInit	24	static
stm32h7xx_hal_msp.c:531:6:HAL_HRTIM_MspPostInit	48	static
stm32h7xx_hal_msp.c:589:6:HAL_HRTIM_MspDeInit	16	static
stm32h7xx_hal_msp.c:611:6:HAL_I2C_MspInit	48	static
stm32h7xx_hal_msp.c:647:6:HAL_SMBUS_MspInit	48	static
stm32h7xx_hal_msp.c:691:6:HAL_I2C_MspDeInit	16	static
stm32h7xx_hal_msp.c:722:6:HAL_SMBUS_MspDeInit	16	static
stm32h7xx_hal_msp.c:753:6:HAL_LPTIM_MspInit	48	static
stm32h7xx_hal_msp.c:789:6:HAL_LPTIM_MspDeInit	16	static
stm32h7xx_hal_msp.c:818:6:HAL_LTDC_MspInit	64	static
stm32h7xx_hal_msp.c:931:6:HAL_LTDC_MspDeInit	16	static
stm32h7xx_hal_msp.c:1001:6:HAL_SD_MspInit	48	static
stm32h7xx_hal_msp.c:1046:6:HAL_SD_MspDeInit	16	static
stm32h7xx_hal_msp.c:1078:6:HAL_SPI_MspInit	56	static
stm32h7xx_hal_msp.c:1132:6:HAL_SPI_MspDeInit	16	static
stm32h7xx_hal_msp.c:1167:6:HAL_TIM_PWM_MspInit	56	static
stm32h7xx_hal_msp.c:1235:6:HAL_TIM_IC_MspInit	48	static
stm32h7xx_hal_msp.c:1270:6:HAL_TIM_Base_MspInit	24	static
stm32h7xx_hal_msp.c:1297:6:HAL_TIM_MspPostInit	80	static
stm32h7xx_hal_msp.c:1487:6:HAL_TIM_PWM_MspDeInit	16	static
stm32h7xx_hal_msp.c:1549:6:HAL_TIM_IC_MspDeInit	16	static
stm32h7xx_hal_msp.c:1577:6:HAL_TIM_Base_MspDeInit	16	static
stm32h7xx_hal_msp.c:1610:6:HAL_UART_MspInit	80	static
stm32h7xx_hal_msp.c:1735:6:HAL_UART_MspDeInit	16	static
